Archive member included because of file (symbol)

/Users/thomas/pebble-dev/PebbleSDK-2.8-beta4/Pebble/lib/libpebble.a(tmpdonUfipebble.o)
                              src/weather.c.11.o (app_event_loop)
/Users/thomas/gcc-arm-none-eabi-4_8-2014q2/bin/../lib/gcc/arm-none-eabi/4.8.4/../../../../arm-none-eabi/lib/armv7-m/libc.a(lib_a-exit.o)
                              /Users/thomas/gcc-arm-none-eabi-4_8-2014q2/bin/../lib/gcc/arm-none-eabi/4.8.4/../../../../arm-none-eabi/lib/armv7-m/crt0.o (exit)
/Users/thomas/gcc-arm-none-eabi-4_8-2014q2/bin/../lib/gcc/arm-none-eabi/4.8.4/../../../../arm-none-eabi/lib/armv7-m/libc.a(lib_a-impure.o)
                              /Users/thomas/gcc-arm-none-eabi-4_8-2014q2/bin/../lib/gcc/arm-none-eabi/4.8.4/../../../../arm-none-eabi/lib/armv7-m/libc.a(lib_a-exit.o) (_global_impure_ptr)
/Users/thomas/gcc-arm-none-eabi-4_8-2014q2/bin/../lib/gcc/arm-none-eabi/4.8.4/../../../../arm-none-eabi/lib/armv7-m/libc.a(lib_a-init.o)
                              /Users/thomas/gcc-arm-none-eabi-4_8-2014q2/bin/../lib/gcc/arm-none-eabi/4.8.4/../../../../arm-none-eabi/lib/armv7-m/crt0.o (__libc_init_array)
/Users/thomas/gcc-arm-none-eabi-4_8-2014q2/bin/../lib/gcc/arm-none-eabi/4.8.4/../../../../arm-none-eabi/lib/armv7-m/libc.a(lib_a-__call_atexit.o)
                              /Users/thomas/gcc-arm-none-eabi-4_8-2014q2/bin/../lib/gcc/arm-none-eabi/4.8.4/../../../../arm-none-eabi/lib/armv7-m/libc.a(lib_a-exit.o) (__call_exitprocs)
/Users/thomas/gcc-arm-none-eabi-4_8-2014q2/bin/../lib/gcc/arm-none-eabi/4.8.4/../../../../arm-none-eabi/lib/armv7-m/libc.a(lib_a-atexit.o)
                              /Users/thomas/gcc-arm-none-eabi-4_8-2014q2/bin/../lib/gcc/arm-none-eabi/4.8.4/../../../../arm-none-eabi/lib/armv7-m/libc.a(lib_a-__call_atexit.o) (atexit)
/Users/thomas/gcc-arm-none-eabi-4_8-2014q2/bin/../lib/gcc/arm-none-eabi/4.8.4/../../../../arm-none-eabi/lib/armv7-m/libc.a(lib_a-fini.o)
                              /Users/thomas/gcc-arm-none-eabi-4_8-2014q2/bin/../lib/gcc/arm-none-eabi/4.8.4/../../../../arm-none-eabi/lib/armv7-m/libc.a(lib_a-__call_atexit.o) (__libc_fini_array)
/Users/thomas/gcc-arm-none-eabi-4_8-2014q2/bin/../lib/gcc/arm-none-eabi/4.8.4/../../../../arm-none-eabi/lib/armv7-m/libc.a(lib_a-__atexit.o)
                              /Users/thomas/gcc-arm-none-eabi-4_8-2014q2/bin/../lib/gcc/arm-none-eabi/4.8.4/../../../../arm-none-eabi/lib/armv7-m/libc.a(lib_a-atexit.o) (__register_exitproc)

Discarded input sections

 .text          0x0000000000000000        0x0 /Users/thomas/gcc-arm-none-eabi-4_8-2014q2/bin/../lib/gcc/arm-none-eabi/4.8.4/armv7-m/crti.o
 .bss           0x0000000000000000        0x0 /Users/thomas/gcc-arm-none-eabi-4_8-2014q2/bin/../lib/gcc/arm-none-eabi/4.8.4/armv7-m/crti.o
 .init          0x0000000000000000        0x4 /Users/thomas/gcc-arm-none-eabi-4_8-2014q2/bin/../lib/gcc/arm-none-eabi/4.8.4/armv7-m/crti.o
 .fini          0x0000000000000000        0x4 /Users/thomas/gcc-arm-none-eabi-4_8-2014q2/bin/../lib/gcc/arm-none-eabi/4.8.4/armv7-m/crti.o
 .text          0x0000000000000000       0x54 /Users/thomas/gcc-arm-none-eabi-4_8-2014q2/bin/../lib/gcc/arm-none-eabi/4.8.4/armv7-m/crtbegin.o
 .bss           0x0000000000000000       0x1c /Users/thomas/gcc-arm-none-eabi-4_8-2014q2/bin/../lib/gcc/arm-none-eabi/4.8.4/armv7-m/crtbegin.o
 .init_array    0x0000000000000000        0x4 /Users/thomas/gcc-arm-none-eabi-4_8-2014q2/bin/../lib/gcc/arm-none-eabi/4.8.4/armv7-m/crtbegin.o
 .fini_array    0x0000000000000000        0x4 /Users/thomas/gcc-arm-none-eabi-4_8-2014q2/bin/../lib/gcc/arm-none-eabi/4.8.4/armv7-m/crtbegin.o
 .eh_frame      0x0000000000000000        0x0 /Users/thomas/gcc-arm-none-eabi-4_8-2014q2/bin/../lib/gcc/arm-none-eabi/4.8.4/armv7-m/crtbegin.o
 .jcr           0x0000000000000000        0x0 /Users/thomas/gcc-arm-none-eabi-4_8-2014q2/bin/../lib/gcc/arm-none-eabi/4.8.4/armv7-m/crtbegin.o
 .text          0x0000000000000000       0x74 /Users/thomas/gcc-arm-none-eabi-4_8-2014q2/bin/../lib/gcc/arm-none-eabi/4.8.4/../../../../arm-none-eabi/lib/armv7-m/crt0.o
 .bss           0x0000000000000000        0x0 /Users/thomas/gcc-arm-none-eabi-4_8-2014q2/bin/../lib/gcc/arm-none-eabi/4.8.4/../../../../arm-none-eabi/lib/armv7-m/crt0.o
 .ARM.extab     0x0000000000000000        0x0 /Users/thomas/gcc-arm-none-eabi-4_8-2014q2/bin/../lib/gcc/arm-none-eabi/4.8.4/../../../../arm-none-eabi/lib/armv7-m/crt0.o
 .ARM.exidx     0x0000000000000000        0x8 /Users/thomas/gcc-arm-none-eabi-4_8-2014q2/bin/../lib/gcc/arm-none-eabi/4.8.4/../../../../arm-none-eabi/lib/armv7-m/crt0.o
 .text          0x0000000000000000        0x0 src/weather.c.11.o
 .bss           0x0000000000000000        0x0 src/weather.c.11.o
 .text          0x0000000000000000        0x0 appinfo.auto.c.11.o
 .bss           0x0000000000000000        0x0 appinfo.auto.c.11.o
 .bss           0x0000000000000000        0x0 /Users/thomas/pebble-dev/PebbleSDK-2.8-beta4/Pebble/lib/libpebble.a(tmpdonUfipebble.o)
 .text.accel_data_service_subscribe__deprecated
                0x0000000000000000        0xc /Users/thomas/pebble-dev/PebbleSDK-2.8-beta4/Pebble/lib/libpebble.a(tmpdonUfipebble.o)
 .text.accel_data_service_unsubscribe
                0x0000000000000000        0xc /Users/thomas/pebble-dev/PebbleSDK-2.8-beta4/Pebble/lib/libpebble.a(tmpdonUfipebble.o)
 .text.accel_service_peek
                0x0000000000000000        0xc /Users/thomas/pebble-dev/PebbleSDK-2.8-beta4/Pebble/lib/libpebble.a(tmpdonUfipebble.o)
 .text.accel_service_set_samples_per_update
                0x0000000000000000        0xc /Users/thomas/pebble-dev/PebbleSDK-2.8-beta4/Pebble/lib/libpebble.a(tmpdonUfipebble.o)
 .text.accel_service_set_sampling_rate
                0x0000000000000000        0xc /Users/thomas/pebble-dev/PebbleSDK-2.8-beta4/Pebble/lib/libpebble.a(tmpdonUfipebble.o)
 .text.accel_tap_service_subscribe
                0x0000000000000000        0xc /Users/thomas/pebble-dev/PebbleSDK-2.8-beta4/Pebble/lib/libpebble.a(tmpdonUfipebble.o)
 .text.accel_tap_service_unsubscribe
                0x0000000000000000        0xc /Users/thomas/pebble-dev/PebbleSDK-2.8-beta4/Pebble/lib/libpebble.a(tmpdonUfipebble.o)
 .text.action_bar_layer_add_to_window
                0x0000000000000000        0xc /Users/thomas/pebble-dev/PebbleSDK-2.8-beta4/Pebble/lib/libpebble.a(tmpdonUfipebble.o)
 .text.action_bar_layer_clear_icon
                0x0000000000000000        0xc /Users/thomas/pebble-dev/PebbleSDK-2.8-beta4/Pebble/lib/libpebble.a(tmpdonUfipebble.o)
 .text.action_bar_layer_create
                0x0000000000000000        0xc /Users/thomas/pebble-dev/PebbleSDK-2.8-beta4/Pebble/lib/libpebble.a(tmpdonUfipebble.o)
 .text.action_bar_layer_destroy
                0x0000000000000000        0xc /Users/thomas/pebble-dev/PebbleSDK-2.8-beta4/Pebble/lib/libpebble.a(tmpdonUfipebble.o)
 .text.action_bar_layer_get_layer
                0x0000000000000000        0xc /Users/thomas/pebble-dev/PebbleSDK-2.8-beta4/Pebble/lib/libpebble.a(tmpdonUfipebble.o)
 .text.action_bar_layer_remove_from_window
                0x0000000000000000        0xc /Users/thomas/pebble-dev/PebbleSDK-2.8-beta4/Pebble/lib/libpebble.a(tmpdonUfipebble.o)
 .text.action_bar_layer_set_background_color
                0x0000000000000000        0xc /Users/thomas/pebble-dev/PebbleSDK-2.8-beta4/Pebble/lib/libpebble.a(tmpdonUfipebble.o)
 .text.action_bar_layer_set_click_config_provider
                0x0000000000000000        0xc /Users/thomas/pebble-dev/PebbleSDK-2.8-beta4/Pebble/lib/libpebble.a(tmpdonUfipebble.o)
 .text.action_bar_layer_set_context
                0x0000000000000000        0xc /Users/thomas/pebble-dev/PebbleSDK-2.8-beta4/Pebble/lib/libpebble.a(tmpdonUfipebble.o)
 .text.action_bar_layer_set_icon
                0x0000000000000000        0xc /Users/thomas/pebble-dev/PebbleSDK-2.8-beta4/Pebble/lib/libpebble.a(tmpdonUfipebble.o)
 .text.animation_create
                0x0000000000000000        0xc /Users/thomas/pebble-dev/PebbleSDK-2.8-beta4/Pebble/lib/libpebble.a(tmpdonUfipebble.o)
 .text.animation_destroy
                0x0000000000000000        0xc /Users/thomas/pebble-dev/PebbleSDK-2.8-beta4/Pebble/lib/libpebble.a(tmpdonUfipebble.o)
 .text.animation_get_context
                0x0000000000000000        0xc /Users/thomas/pebble-dev/PebbleSDK-2.8-beta4/Pebble/lib/libpebble.a(tmpdonUfipebble.o)
 .text.animation_is_scheduled
                0x0000000000000000        0xc /Users/thomas/pebble-dev/PebbleSDK-2.8-beta4/Pebble/lib/libpebble.a(tmpdonUfipebble.o)
 .text.animation_schedule
                0x0000000000000000        0xc /Users/thomas/pebble-dev/PebbleSDK-2.8-beta4/Pebble/lib/libpebble.a(tmpdonUfipebble.o)
 .text.animation_set_curve
                0x0000000000000000        0xc /Users/thomas/pebble-dev/PebbleSDK-2.8-beta4/Pebble/lib/libpebble.a(tmpdonUfipebble.o)
 .text.animation_set_delay
                0x0000000000000000        0xc /Users/thomas/pebble-dev/PebbleSDK-2.8-beta4/Pebble/lib/libpebble.a(tmpdonUfipebble.o)
 .text.animation_set_duration
                0x0000000000000000        0xc /Users/thomas/pebble-dev/PebbleSDK-2.8-beta4/Pebble/lib/libpebble.a(tmpdonUfipebble.o)
 .text.animation_set_handlers
                0x0000000000000000        0xc /Users/thomas/pebble-dev/PebbleSDK-2.8-beta4/Pebble/lib/libpebble.a(tmpdonUfipebble.o)
 .text.animation_set_implementation
                0x0000000000000000        0xc /Users/thomas/pebble-dev/PebbleSDK-2.8-beta4/Pebble/lib/libpebble.a(tmpdonUfipebble.o)
 .text.animation_unschedule
                0x0000000000000000        0xc /Users/thomas/pebble-dev/PebbleSDK-2.8-beta4/Pebble/lib/libpebble.a(tmpdonUfipebble.o)
 .text.animation_unschedule_all
                0x0000000000000000        0xc /Users/thomas/pebble-dev/PebbleSDK-2.8-beta4/Pebble/lib/libpebble.a(tmpdonUfipebble.o)
 .text.app_comm_get_sniff_interval
                0x0000000000000000        0xc /Users/thomas/pebble-dev/PebbleSDK-2.8-beta4/Pebble/lib/libpebble.a(tmpdonUfipebble.o)
 .text.app_comm_set_sniff_interval
                0x0000000000000000        0xc /Users/thomas/pebble-dev/PebbleSDK-2.8-beta4/Pebble/lib/libpebble.a(tmpdonUfipebble.o)
 .text.app_message_deregister_callbacks
                0x0000000000000000        0xc /Users/thomas/pebble-dev/PebbleSDK-2.8-beta4/Pebble/lib/libpebble.a(tmpdonUfipebble.o)
 .text.app_sync_get
                0x0000000000000000        0xc /Users/thomas/pebble-dev/PebbleSDK-2.8-beta4/Pebble/lib/libpebble.a(tmpdonUfipebble.o)
 .text.app_sync_set
                0x0000000000000000        0xc /Users/thomas/pebble-dev/PebbleSDK-2.8-beta4/Pebble/lib/libpebble.a(tmpdonUfipebble.o)
 .text.app_timer_cancel
                0x0000000000000000        0xc /Users/thomas/pebble-dev/PebbleSDK-2.8-beta4/Pebble/lib/libpebble.a(tmpdonUfipebble.o)
 .text.app_timer_register
                0x0000000000000000        0xc /Users/thomas/pebble-dev/PebbleSDK-2.8-beta4/Pebble/lib/libpebble.a(tmpdonUfipebble.o)
 .text.app_timer_reschedule
                0x0000000000000000        0xc /Users/thomas/pebble-dev/PebbleSDK-2.8-beta4/Pebble/lib/libpebble.a(tmpdonUfipebble.o)
 .text.atan2_lookup
                0x0000000000000000        0xc /Users/thomas/pebble-dev/PebbleSDK-2.8-beta4/Pebble/lib/libpebble.a(tmpdonUfipebble.o)
 .text.atoi     0x0000000000000000        0xc /Users/thomas/pebble-dev/PebbleSDK-2.8-beta4/Pebble/lib/libpebble.a(tmpdonUfipebble.o)
 .text.atol     0x0000000000000000        0xc /Users/thomas/pebble-dev/PebbleSDK-2.8-beta4/Pebble/lib/libpebble.a(tmpdonUfipebble.o)
 .text.battery_state_service_peek
                0x0000000000000000        0xc /Users/thomas/pebble-dev/PebbleSDK-2.8-beta4/Pebble/lib/libpebble.a(tmpdonUfipebble.o)
 .text.battery_state_service_subscribe
                0x0000000000000000        0xc /Users/thomas/pebble-dev/PebbleSDK-2.8-beta4/Pebble/lib/libpebble.a(tmpdonUfipebble.o)
 .text.battery_state_service_unsubscribe
                0x0000000000000000        0xc /Users/thomas/pebble-dev/PebbleSDK-2.8-beta4/Pebble/lib/libpebble.a(tmpdonUfipebble.o)
 .text.bitmap_layer_set_alignment
                0x0000000000000000        0xc /Users/thomas/pebble-dev/PebbleSDK-2.8-beta4/Pebble/lib/libpebble.a(tmpdonUfipebble.o)
 .text.bitmap_layer_set_background_color
                0x0000000000000000        0xc /Users/thomas/pebble-dev/PebbleSDK-2.8-beta4/Pebble/lib/libpebble.a(tmpdonUfipebble.o)
 .text.bitmap_layer_set_compositing_mode
                0x0000000000000000        0xc /Users/thomas/pebble-dev/PebbleSDK-2.8-beta4/Pebble/lib/libpebble.a(tmpdonUfipebble.o)
 .text.bluetooth_connection_service_peek
                0x0000000000000000        0xc /Users/thomas/pebble-dev/PebbleSDK-2.8-beta4/Pebble/lib/libpebble.a(tmpdonUfipebble.o)
 .text.bluetooth_connection_service_subscribe
                0x0000000000000000        0xc /Users/thomas/pebble-dev/PebbleSDK-2.8-beta4/Pebble/lib/libpebble.a(tmpdonUfipebble.o)
 .text.bluetooth_connection_service_unsubscribe
                0x0000000000000000        0xc /Users/thomas/pebble-dev/PebbleSDK-2.8-beta4/Pebble/lib/libpebble.a(tmpdonUfipebble.o)
 .text.click_number_of_clicks_counted
                0x0000000000000000        0xc /Users/thomas/pebble-dev/PebbleSDK-2.8-beta4/Pebble/lib/libpebble.a(tmpdonUfipebble.o)
 .text.click_recognizer_get_button_id
                0x0000000000000000        0xc /Users/thomas/pebble-dev/PebbleSDK-2.8-beta4/Pebble/lib/libpebble.a(tmpdonUfipebble.o)
 .text.clock_copy_time_string
                0x0000000000000000        0xc /Users/thomas/pebble-dev/PebbleSDK-2.8-beta4/Pebble/lib/libpebble.a(tmpdonUfipebble.o)
 .text.clock_is_24h_style
                0x0000000000000000        0xc /Users/thomas/pebble-dev/PebbleSDK-2.8-beta4/Pebble/lib/libpebble.a(tmpdonUfipebble.o)
 .text.cos_lookup
                0x0000000000000000        0xc /Users/thomas/pebble-dev/PebbleSDK-2.8-beta4/Pebble/lib/libpebble.a(tmpdonUfipebble.o)
 .text.data_logging_create
                0x0000000000000000        0xc /Users/thomas/pebble-dev/PebbleSDK-2.8-beta4/Pebble/lib/libpebble.a(tmpdonUfipebble.o)
 .text.data_logging_finish
                0x0000000000000000        0xc /Users/thomas/pebble-dev/PebbleSDK-2.8-beta4/Pebble/lib/libpebble.a(tmpdonUfipebble.o)
 .text.data_logging_log
                0x0000000000000000        0xc /Users/thomas/pebble-dev/PebbleSDK-2.8-beta4/Pebble/lib/libpebble.a(tmpdonUfipebble.o)
 .text.dict_calc_buffer_size
                0x0000000000000000        0xc /Users/thomas/pebble-dev/PebbleSDK-2.8-beta4/Pebble/lib/libpebble.a(tmpdonUfipebble.o)
 .text.dict_calc_buffer_size_from_tuplets
                0x0000000000000000        0xc /Users/thomas/pebble-dev/PebbleSDK-2.8-beta4/Pebble/lib/libpebble.a(tmpdonUfipebble.o)
 .text.dict_find
                0x0000000000000000        0xc /Users/thomas/pebble-dev/PebbleSDK-2.8-beta4/Pebble/lib/libpebble.a(tmpdonUfipebble.o)
 .text.dict_merge
                0x0000000000000000        0xc /Users/thomas/pebble-dev/PebbleSDK-2.8-beta4/Pebble/lib/libpebble.a(tmpdonUfipebble.o)
 .text.dict_read_begin_from_buffer
                0x0000000000000000        0xc /Users/thomas/pebble-dev/PebbleSDK-2.8-beta4/Pebble/lib/libpebble.a(tmpdonUfipebble.o)
 .text.dict_read_first
                0x0000000000000000        0xc /Users/thomas/pebble-dev/PebbleSDK-2.8-beta4/Pebble/lib/libpebble.a(tmpdonUfipebble.o)
 .text.dict_read_next
                0x0000000000000000        0xc /Users/thomas/pebble-dev/PebbleSDK-2.8-beta4/Pebble/lib/libpebble.a(tmpdonUfipebble.o)
 .text.dict_serialize_tuplets
                0x0000000000000000        0xc /Users/thomas/pebble-dev/PebbleSDK-2.8-beta4/Pebble/lib/libpebble.a(tmpdonUfipebble.o)
 .text.dict_serialize_tuplets_to_buffer__deprecated
                0x0000000000000000        0xc /Users/thomas/pebble-dev/PebbleSDK-2.8-beta4/Pebble/lib/libpebble.a(tmpdonUfipebble.o)
 .text.dict_serialize_tuplets_to_buffer_with_iter
                0x0000000000000000        0xc /Users/thomas/pebble-dev/PebbleSDK-2.8-beta4/Pebble/lib/libpebble.a(tmpdonUfipebble.o)
 .text.dict_write_begin
                0x0000000000000000        0xc /Users/thomas/pebble-dev/PebbleSDK-2.8-beta4/Pebble/lib/libpebble.a(tmpdonUfipebble.o)
 .text.dict_write_cstring
                0x0000000000000000        0xc /Users/thomas/pebble-dev/PebbleSDK-2.8-beta4/Pebble/lib/libpebble.a(tmpdonUfipebble.o)
 .text.dict_write_data
                0x0000000000000000        0xc /Users/thomas/pebble-dev/PebbleSDK-2.8-beta4/Pebble/lib/libpebble.a(tmpdonUfipebble.o)
 .text.dict_write_end
                0x0000000000000000        0xc /Users/thomas/pebble-dev/PebbleSDK-2.8-beta4/Pebble/lib/libpebble.a(tmpdonUfipebble.o)
 .text.dict_write_int
                0x0000000000000000        0xc /Users/thomas/pebble-dev/PebbleSDK-2.8-beta4/Pebble/lib/libpebble.a(tmpdonUfipebble.o)
 .text.dict_write_int16
                0x0000000000000000        0xc /Users/thomas/pebble-dev/PebbleSDK-2.8-beta4/Pebble/lib/libpebble.a(tmpdonUfipebble.o)
 .text.dict_write_int32
                0x0000000000000000        0xc /Users/thomas/pebble-dev/PebbleSDK-2.8-beta4/Pebble/lib/libpebble.a(tmpdonUfipebble.o)
 .text.dict_write_int8
                0x0000000000000000        0xc /Users/thomas/pebble-dev/PebbleSDK-2.8-beta4/Pebble/lib/libpebble.a(tmpdonUfipebble.o)
 .text.dict_write_tuplet
                0x0000000000000000        0xc /Users/thomas/pebble-dev/PebbleSDK-2.8-beta4/Pebble/lib/libpebble.a(tmpdonUfipebble.o)
 .text.dict_write_uint16
                0x0000000000000000        0xc /Users/thomas/pebble-dev/PebbleSDK-2.8-beta4/Pebble/lib/libpebble.a(tmpdonUfipebble.o)
 .text.dict_write_uint32
                0x0000000000000000        0xc /Users/thomas/pebble-dev/PebbleSDK-2.8-beta4/Pebble/lib/libpebble.a(tmpdonUfipebble.o)
 .text.dict_write_uint8
                0x0000000000000000        0xc /Users/thomas/pebble-dev/PebbleSDK-2.8-beta4/Pebble/lib/libpebble.a(tmpdonUfipebble.o)
 .text.fonts_load_custom_font
                0x0000000000000000        0xc /Users/thomas/pebble-dev/PebbleSDK-2.8-beta4/Pebble/lib/libpebble.a(tmpdonUfipebble.o)
 .text.fonts_unload_custom_font
                0x0000000000000000        0xc /Users/thomas/pebble-dev/PebbleSDK-2.8-beta4/Pebble/lib/libpebble.a(tmpdonUfipebble.o)
 .text.free     0x0000000000000000        0xc /Users/thomas/pebble-dev/PebbleSDK-2.8-beta4/Pebble/lib/libpebble.a(tmpdonUfipebble.o)
 .text.gbitmap_create_as_sub_bitmap
                0x0000000000000000        0xc /Users/thomas/pebble-dev/PebbleSDK-2.8-beta4/Pebble/lib/libpebble.a(tmpdonUfipebble.o)
 .text.gbitmap_create_with_data
                0x0000000000000000        0xc /Users/thomas/pebble-dev/PebbleSDK-2.8-beta4/Pebble/lib/libpebble.a(tmpdonUfipebble.o)
 .text.gmtime   0x0000000000000000        0xc /Users/thomas/pebble-dev/PebbleSDK-2.8-beta4/Pebble/lib/libpebble.a(tmpdonUfipebble.o)
 .text.gpath_create
                0x0000000000000000        0xc /Users/thomas/pebble-dev/PebbleSDK-2.8-beta4/Pebble/lib/libpebble.a(tmpdonUfipebble.o)
 .text.gpath_destroy
                0x0000000000000000        0xc /Users/thomas/pebble-dev/PebbleSDK-2.8-beta4/Pebble/lib/libpebble.a(tmpdonUfipebble.o)
 .text.gpath_draw_filled_legacy
                0x0000000000000000        0xc /Users/thomas/pebble-dev/PebbleSDK-2.8-beta4/Pebble/lib/libpebble.a(tmpdonUfipebble.o)
 .text.gpath_draw_outline
                0x0000000000000000        0xc /Users/thomas/pebble-dev/PebbleSDK-2.8-beta4/Pebble/lib/libpebble.a(tmpdonUfipebble.o)
 .text.gpath_move_to
                0x0000000000000000        0xc /Users/thomas/pebble-dev/PebbleSDK-2.8-beta4/Pebble/lib/libpebble.a(tmpdonUfipebble.o)
 .text.gpath_rotate_to
                0x0000000000000000        0xc /Users/thomas/pebble-dev/PebbleSDK-2.8-beta4/Pebble/lib/libpebble.a(tmpdonUfipebble.o)
 .text.gpoint_equal
                0x0000000000000000        0xc /Users/thomas/pebble-dev/PebbleSDK-2.8-beta4/Pebble/lib/libpebble.a(tmpdonUfipebble.o)
 .text.graphics_context_set_compositing_mode
                0x0000000000000000        0xc /Users/thomas/pebble-dev/PebbleSDK-2.8-beta4/Pebble/lib/libpebble.a(tmpdonUfipebble.o)
 .text.graphics_context_set_fill_color
                0x0000000000000000        0xc /Users/thomas/pebble-dev/PebbleSDK-2.8-beta4/Pebble/lib/libpebble.a(tmpdonUfipebble.o)
 .text.graphics_context_set_stroke_color
                0x0000000000000000        0xc /Users/thomas/pebble-dev/PebbleSDK-2.8-beta4/Pebble/lib/libpebble.a(tmpdonUfipebble.o)
 .text.graphics_context_set_text_color
                0x0000000000000000        0xc /Users/thomas/pebble-dev/PebbleSDK-2.8-beta4/Pebble/lib/libpebble.a(tmpdonUfipebble.o)
 .text.graphics_draw_bitmap_in_rect
                0x0000000000000000        0xc /Users/thomas/pebble-dev/PebbleSDK-2.8-beta4/Pebble/lib/libpebble.a(tmpdonUfipebble.o)
 .text.graphics_draw_circle
                0x0000000000000000        0xc /Users/thomas/pebble-dev/PebbleSDK-2.8-beta4/Pebble/lib/libpebble.a(tmpdonUfipebble.o)
 .text.graphics_draw_line
                0x0000000000000000        0xc /Users/thomas/pebble-dev/PebbleSDK-2.8-beta4/Pebble/lib/libpebble.a(tmpdonUfipebble.o)
 .text.graphics_draw_pixel
                0x0000000000000000        0xc /Users/thomas/pebble-dev/PebbleSDK-2.8-beta4/Pebble/lib/libpebble.a(tmpdonUfipebble.o)
 .text.graphics_draw_rect
                0x0000000000000000        0xc /Users/thomas/pebble-dev/PebbleSDK-2.8-beta4/Pebble/lib/libpebble.a(tmpdonUfipebble.o)
 .text.graphics_draw_round_rect
                0x0000000000000000        0xc /Users/thomas/pebble-dev/PebbleSDK-2.8-beta4/Pebble/lib/libpebble.a(tmpdonUfipebble.o)
 .text.graphics_fill_circle
                0x0000000000000000        0xc /Users/thomas/pebble-dev/PebbleSDK-2.8-beta4/Pebble/lib/libpebble.a(tmpdonUfipebble.o)
 .text.graphics_fill_rect
                0x0000000000000000        0xc /Users/thomas/pebble-dev/PebbleSDK-2.8-beta4/Pebble/lib/libpebble.a(tmpdonUfipebble.o)
 .text.graphics_text_layout_get_max_used_size
                0x0000000000000000        0xc /Users/thomas/pebble-dev/PebbleSDK-2.8-beta4/Pebble/lib/libpebble.a(tmpdonUfipebble.o)
 .text.grect_align
                0x0000000000000000        0xc /Users/thomas/pebble-dev/PebbleSDK-2.8-beta4/Pebble/lib/libpebble.a(tmpdonUfipebble.o)
 .text.grect_center_point
                0x0000000000000000        0xc /Users/thomas/pebble-dev/PebbleSDK-2.8-beta4/Pebble/lib/libpebble.a(tmpdonUfipebble.o)
 .text.grect_clip
                0x0000000000000000        0xc /Users/thomas/pebble-dev/PebbleSDK-2.8-beta4/Pebble/lib/libpebble.a(tmpdonUfipebble.o)
 .text.grect_contains_point
                0x0000000000000000        0xc /Users/thomas/pebble-dev/PebbleSDK-2.8-beta4/Pebble/lib/libpebble.a(tmpdonUfipebble.o)
 .text.grect_crop
                0x0000000000000000        0xc /Users/thomas/pebble-dev/PebbleSDK-2.8-beta4/Pebble/lib/libpebble.a(tmpdonUfipebble.o)
 .text.grect_equal
                0x0000000000000000        0xc /Users/thomas/pebble-dev/PebbleSDK-2.8-beta4/Pebble/lib/libpebble.a(tmpdonUfipebble.o)
 .text.grect_is_empty
                0x0000000000000000        0xc /Users/thomas/pebble-dev/PebbleSDK-2.8-beta4/Pebble/lib/libpebble.a(tmpdonUfipebble.o)
 .text.grect_standardize
                0x0000000000000000        0xc /Users/thomas/pebble-dev/PebbleSDK-2.8-beta4/Pebble/lib/libpebble.a(tmpdonUfipebble.o)
 .text.gsize_equal
                0x0000000000000000        0xc /Users/thomas/pebble-dev/PebbleSDK-2.8-beta4/Pebble/lib/libpebble.a(tmpdonUfipebble.o)
 .text.inverter_layer_create
                0x0000000000000000        0xc /Users/thomas/pebble-dev/PebbleSDK-2.8-beta4/Pebble/lib/libpebble.a(tmpdonUfipebble.o)
 .text.inverter_layer_destroy
                0x0000000000000000        0xc /Users/thomas/pebble-dev/PebbleSDK-2.8-beta4/Pebble/lib/libpebble.a(tmpdonUfipebble.o)
 .text.inverter_layer_get_layer
                0x0000000000000000        0xc /Users/thomas/pebble-dev/PebbleSDK-2.8-beta4/Pebble/lib/libpebble.a(tmpdonUfipebble.o)
 .text.layer_create
                0x0000000000000000        0xc /Users/thomas/pebble-dev/PebbleSDK-2.8-beta4/Pebble/lib/libpebble.a(tmpdonUfipebble.o)
 .text.layer_create_with_data
                0x0000000000000000        0xc /Users/thomas/pebble-dev/PebbleSDK-2.8-beta4/Pebble/lib/libpebble.a(tmpdonUfipebble.o)
 .text.layer_destroy
                0x0000000000000000        0xc /Users/thomas/pebble-dev/PebbleSDK-2.8-beta4/Pebble/lib/libpebble.a(tmpdonUfipebble.o)
 .text.layer_get_bounds
                0x0000000000000000        0xc /Users/thomas/pebble-dev/PebbleSDK-2.8-beta4/Pebble/lib/libpebble.a(tmpdonUfipebble.o)
 .text.layer_get_clips
                0x0000000000000000        0xc /Users/thomas/pebble-dev/PebbleSDK-2.8-beta4/Pebble/lib/libpebble.a(tmpdonUfipebble.o)
 .text.layer_get_data
                0x0000000000000000        0xc /Users/thomas/pebble-dev/PebbleSDK-2.8-beta4/Pebble/lib/libpebble.a(tmpdonUfipebble.o)
 .text.layer_get_frame
                0x0000000000000000        0xc /Users/thomas/pebble-dev/PebbleSDK-2.8-beta4/Pebble/lib/libpebble.a(tmpdonUfipebble.o)
 .text.layer_get_hidden
                0x0000000000000000        0xc /Users/thomas/pebble-dev/PebbleSDK-2.8-beta4/Pebble/lib/libpebble.a(tmpdonUfipebble.o)
 .text.layer_get_window
                0x0000000000000000        0xc /Users/thomas/pebble-dev/PebbleSDK-2.8-beta4/Pebble/lib/libpebble.a(tmpdonUfipebble.o)
 .text.layer_insert_above_sibling
                0x0000000000000000        0xc /Users/thomas/pebble-dev/PebbleSDK-2.8-beta4/Pebble/lib/libpebble.a(tmpdonUfipebble.o)
 .text.layer_insert_below_sibling
                0x0000000000000000        0xc /Users/thomas/pebble-dev/PebbleSDK-2.8-beta4/Pebble/lib/libpebble.a(tmpdonUfipebble.o)
 .text.layer_mark_dirty
                0x0000000000000000        0xc /Users/thomas/pebble-dev/PebbleSDK-2.8-beta4/Pebble/lib/libpebble.a(tmpdonUfipebble.o)
 .text.layer_remove_child_layers
                0x0000000000000000        0xc /Users/thomas/pebble-dev/PebbleSDK-2.8-beta4/Pebble/lib/libpebble.a(tmpdonUfipebble.o)
 .text.layer_remove_from_parent
                0x0000000000000000        0xc /Users/thomas/pebble-dev/PebbleSDK-2.8-beta4/Pebble/lib/libpebble.a(tmpdonUfipebble.o)
 .text.layer_set_bounds
                0x0000000000000000        0xc /Users/thomas/pebble-dev/PebbleSDK-2.8-beta4/Pebble/lib/libpebble.a(tmpdonUfipebble.o)
 .text.layer_set_clips
                0x0000000000000000        0xc /Users/thomas/pebble-dev/PebbleSDK-2.8-beta4/Pebble/lib/libpebble.a(tmpdonUfipebble.o)
 .text.layer_set_frame
                0x0000000000000000        0xc /Users/thomas/pebble-dev/PebbleSDK-2.8-beta4/Pebble/lib/libpebble.a(tmpdonUfipebble.o)
 .text.layer_set_hidden
                0x0000000000000000        0xc /Users/thomas/pebble-dev/PebbleSDK-2.8-beta4/Pebble/lib/libpebble.a(tmpdonUfipebble.o)
 .text.layer_set_update_proc
                0x0000000000000000        0xc /Users/thomas/pebble-dev/PebbleSDK-2.8-beta4/Pebble/lib/libpebble.a(tmpdonUfipebble.o)
 .text.light_enable
                0x0000000000000000        0xc /Users/thomas/pebble-dev/PebbleSDK-2.8-beta4/Pebble/lib/libpebble.a(tmpdonUfipebble.o)
 .text.light_enable_interaction
                0x0000000000000000        0xc /Users/thomas/pebble-dev/PebbleSDK-2.8-beta4/Pebble/lib/libpebble.a(tmpdonUfipebble.o)
 .text.localtime
                0x0000000000000000        0xc /Users/thomas/pebble-dev/PebbleSDK-2.8-beta4/Pebble/lib/libpebble.a(tmpdonUfipebble.o)
 .text.malloc   0x0000000000000000        0xc /Users/thomas/pebble-dev/PebbleSDK-2.8-beta4/Pebble/lib/libpebble.a(tmpdonUfipebble.o)
 .text.memcpy   0x0000000000000000        0xc /Users/thomas/pebble-dev/PebbleSDK-2.8-beta4/Pebble/lib/libpebble.a(tmpdonUfipebble.o)
 .text.memmove  0x0000000000000000        0xc /Users/thomas/pebble-dev/PebbleSDK-2.8-beta4/Pebble/lib/libpebble.a(tmpdonUfipebble.o)
 .text.menu_cell_basic_draw
                0x0000000000000000        0xc /Users/thomas/pebble-dev/PebbleSDK-2.8-beta4/Pebble/lib/libpebble.a(tmpdonUfipebble.o)
 .text.menu_cell_basic_header_draw
                0x0000000000000000        0xc /Users/thomas/pebble-dev/PebbleSDK-2.8-beta4/Pebble/lib/libpebble.a(tmpdonUfipebble.o)
 .text.menu_cell_title_draw
                0x0000000000000000        0xc /Users/thomas/pebble-dev/PebbleSDK-2.8-beta4/Pebble/lib/libpebble.a(tmpdonUfipebble.o)
 .text.menu_index_compare
                0x0000000000000000        0xc /Users/thomas/pebble-dev/PebbleSDK-2.8-beta4/Pebble/lib/libpebble.a(tmpdonUfipebble.o)
 .text.menu_layer_create
                0x0000000000000000        0xc /Users/thomas/pebble-dev/PebbleSDK-2.8-beta4/Pebble/lib/libpebble.a(tmpdonUfipebble.o)
 .text.menu_layer_destroy
                0x0000000000000000        0xc /Users/thomas/pebble-dev/PebbleSDK-2.8-beta4/Pebble/lib/libpebble.a(tmpdonUfipebble.o)
 .text.menu_layer_get_layer
                0x0000000000000000        0xc /Users/thomas/pebble-dev/PebbleSDK-2.8-beta4/Pebble/lib/libpebble.a(tmpdonUfipebble.o)
 .text.menu_layer_get_scroll_layer
                0x0000000000000000        0xc /Users/thomas/pebble-dev/PebbleSDK-2.8-beta4/Pebble/lib/libpebble.a(tmpdonUfipebble.o)
 .text.menu_layer_get_selected_index
                0x0000000000000000        0xc /Users/thomas/pebble-dev/PebbleSDK-2.8-beta4/Pebble/lib/libpebble.a(tmpdonUfipebble.o)
 .text.menu_layer_reload_data
                0x0000000000000000        0xc /Users/thomas/pebble-dev/PebbleSDK-2.8-beta4/Pebble/lib/libpebble.a(tmpdonUfipebble.o)
 .text.menu_layer_set_callbacks__deprecated
                0x0000000000000000        0xc /Users/thomas/pebble-dev/PebbleSDK-2.8-beta4/Pebble/lib/libpebble.a(tmpdonUfipebble.o)
 .text.menu_layer_set_click_config_onto_window
                0x0000000000000000        0xc /Users/thomas/pebble-dev/PebbleSDK-2.8-beta4/Pebble/lib/libpebble.a(tmpdonUfipebble.o)
 .text.menu_layer_set_selected_index
                0x0000000000000000        0xc /Users/thomas/pebble-dev/PebbleSDK-2.8-beta4/Pebble/lib/libpebble.a(tmpdonUfipebble.o)
 .text.menu_layer_set_selected_next
                0x0000000000000000        0xc /Users/thomas/pebble-dev/PebbleSDK-2.8-beta4/Pebble/lib/libpebble.a(tmpdonUfipebble.o)
 .text.number_window_create
                0x0000000000000000        0xc /Users/thomas/pebble-dev/PebbleSDK-2.8-beta4/Pebble/lib/libpebble.a(tmpdonUfipebble.o)
 .text.number_window_destroy
                0x0000000000000000        0xc /Users/thomas/pebble-dev/PebbleSDK-2.8-beta4/Pebble/lib/libpebble.a(tmpdonUfipebble.o)
 .text.number_window_get_value
                0x0000000000000000        0xc /Users/thomas/pebble-dev/PebbleSDK-2.8-beta4/Pebble/lib/libpebble.a(tmpdonUfipebble.o)
 .text.number_window_set_label
                0x0000000000000000        0xc /Users/thomas/pebble-dev/PebbleSDK-2.8-beta4/Pebble/lib/libpebble.a(tmpdonUfipebble.o)
 .text.number_window_set_max
                0x0000000000000000        0xc /Users/thomas/pebble-dev/PebbleSDK-2.8-beta4/Pebble/lib/libpebble.a(tmpdonUfipebble.o)
 .text.number_window_set_min
                0x0000000000000000        0xc /Users/thomas/pebble-dev/PebbleSDK-2.8-beta4/Pebble/lib/libpebble.a(tmpdonUfipebble.o)
 .text.number_window_set_step_size
                0x0000000000000000        0xc /Users/thomas/pebble-dev/PebbleSDK-2.8-beta4/Pebble/lib/libpebble.a(tmpdonUfipebble.o)
 .text.number_window_set_value
                0x0000000000000000        0xc /Users/thomas/pebble-dev/PebbleSDK-2.8-beta4/Pebble/lib/libpebble.a(tmpdonUfipebble.o)
 .text.persist_delete
                0x0000000000000000        0xc /Users/thomas/pebble-dev/PebbleSDK-2.8-beta4/Pebble/lib/libpebble.a(tmpdonUfipebble.o)
 .text.persist_exists
                0x0000000000000000        0xc /Users/thomas/pebble-dev/PebbleSDK-2.8-beta4/Pebble/lib/libpebble.a(tmpdonUfipebble.o)
 .text.persist_get_size
                0x0000000000000000        0xc /Users/thomas/pebble-dev/PebbleSDK-2.8-beta4/Pebble/lib/libpebble.a(tmpdonUfipebble.o)
 .text.persist_read_bool
                0x0000000000000000        0xc /Users/thomas/pebble-dev/PebbleSDK-2.8-beta4/Pebble/lib/libpebble.a(tmpdonUfipebble.o)
 .text.persist_read_data__deprecated
                0x0000000000000000        0xc /Users/thomas/pebble-dev/PebbleSDK-2.8-beta4/Pebble/lib/libpebble.a(tmpdonUfipebble.o)
 .text.persist_read_int
                0x0000000000000000        0xc /Users/thomas/pebble-dev/PebbleSDK-2.8-beta4/Pebble/lib/libpebble.a(tmpdonUfipebble.o)
 .text.persist_read_string__deprecated
                0x0000000000000000        0xc /Users/thomas/pebble-dev/PebbleSDK-2.8-beta4/Pebble/lib/libpebble.a(tmpdonUfipebble.o)
 .text.persist_write_bool
                0x0000000000000000        0xc /Users/thomas/pebble-dev/PebbleSDK-2.8-beta4/Pebble/lib/libpebble.a(tmpdonUfipebble.o)
 .text.persist_write_data__deprecated
                0x0000000000000000        0xc /Users/thomas/pebble-dev/PebbleSDK-2.8-beta4/Pebble/lib/libpebble.a(tmpdonUfipebble.o)
 .text.persist_write_int
                0x0000000000000000        0xc /Users/thomas/pebble-dev/PebbleSDK-2.8-beta4/Pebble/lib/libpebble.a(tmpdonUfipebble.o)
 .text.persist_write_string
                0x0000000000000000        0xc /Users/thomas/pebble-dev/PebbleSDK-2.8-beta4/Pebble/lib/libpebble.a(tmpdonUfipebble.o)
 .text.property_animation_create
                0x0000000000000000        0xc /Users/thomas/pebble-dev/PebbleSDK-2.8-beta4/Pebble/lib/libpebble.a(tmpdonUfipebble.o)
 .text.property_animation_create_layer_frame
                0x0000000000000000        0xc /Users/thomas/pebble-dev/PebbleSDK-2.8-beta4/Pebble/lib/libpebble.a(tmpdonUfipebble.o)
 .text.property_animation_destroy
                0x0000000000000000        0xc /Users/thomas/pebble-dev/PebbleSDK-2.8-beta4/Pebble/lib/libpebble.a(tmpdonUfipebble.o)
 .text.property_animation_update_gpoint
                0x0000000000000000        0xc /Users/thomas/pebble-dev/PebbleSDK-2.8-beta4/Pebble/lib/libpebble.a(tmpdonUfipebble.o)
 .text.property_animation_update_grect
                0x0000000000000000        0xc /Users/thomas/pebble-dev/PebbleSDK-2.8-beta4/Pebble/lib/libpebble.a(tmpdonUfipebble.o)
 .text.property_animation_update_int16
                0x0000000000000000        0xc /Users/thomas/pebble-dev/PebbleSDK-2.8-beta4/Pebble/lib/libpebble.a(tmpdonUfipebble.o)
 .text.psleep   0x0000000000000000        0xc /Users/thomas/pebble-dev/PebbleSDK-2.8-beta4/Pebble/lib/libpebble.a(tmpdonUfipebble.o)
 .text.rand     0x0000000000000000        0xc /Users/thomas/pebble-dev/PebbleSDK-2.8-beta4/Pebble/lib/libpebble.a(tmpdonUfipebble.o)
 .text.resource_get_handle
                0x0000000000000000        0xc /Users/thomas/pebble-dev/PebbleSDK-2.8-beta4/Pebble/lib/libpebble.a(tmpdonUfipebble.o)
 .text.resource_load
                0x0000000000000000        0xc /Users/thomas/pebble-dev/PebbleSDK-2.8-beta4/Pebble/lib/libpebble.a(tmpdonUfipebble.o)
 .text.resource_load_byte_range
                0x0000000000000000        0xc /Users/thomas/pebble-dev/PebbleSDK-2.8-beta4/Pebble/lib/libpebble.a(tmpdonUfipebble.o)
 .text.resource_size
                0x0000000000000000        0xc /Users/thomas/pebble-dev/PebbleSDK-2.8-beta4/Pebble/lib/libpebble.a(tmpdonUfipebble.o)
 .text.rot_bitmap_layer_create
                0x0000000000000000        0xc /Users/thomas/pebble-dev/PebbleSDK-2.8-beta4/Pebble/lib/libpebble.a(tmpdonUfipebble.o)
 .text.rot_bitmap_layer_destroy
                0x0000000000000000        0xc /Users/thomas/pebble-dev/PebbleSDK-2.8-beta4/Pebble/lib/libpebble.a(tmpdonUfipebble.o)
 .text.rot_bitmap_layer_increment_angle
                0x0000000000000000        0xc /Users/thomas/pebble-dev/PebbleSDK-2.8-beta4/Pebble/lib/libpebble.a(tmpdonUfipebble.o)
 .text.rot_bitmap_layer_set_angle
                0x0000000000000000        0xc /Users/thomas/pebble-dev/PebbleSDK-2.8-beta4/Pebble/lib/libpebble.a(tmpdonUfipebble.o)
 .text.rot_bitmap_layer_set_corner_clip_color
                0x0000000000000000        0xc /Users/thomas/pebble-dev/PebbleSDK-2.8-beta4/Pebble/lib/libpebble.a(tmpdonUfipebble.o)
 .text.rot_bitmap_set_compositing_mode
                0x0000000000000000        0xc /Users/thomas/pebble-dev/PebbleSDK-2.8-beta4/Pebble/lib/libpebble.a(tmpdonUfipebble.o)
 .text.rot_bitmap_set_src_ic
                0x0000000000000000        0xc /Users/thomas/pebble-dev/PebbleSDK-2.8-beta4/Pebble/lib/libpebble.a(tmpdonUfipebble.o)
 .text.scroll_layer_add_child
                0x0000000000000000        0xc /Users/thomas/pebble-dev/PebbleSDK-2.8-beta4/Pebble/lib/libpebble.a(tmpdonUfipebble.o)
 .text.scroll_layer_create
                0x0000000000000000        0xc /Users/thomas/pebble-dev/PebbleSDK-2.8-beta4/Pebble/lib/libpebble.a(tmpdonUfipebble.o)
 .text.scroll_layer_destroy
                0x0000000000000000        0xc /Users/thomas/pebble-dev/PebbleSDK-2.8-beta4/Pebble/lib/libpebble.a(tmpdonUfipebble.o)
 .text.scroll_layer_get_content_offset
                0x0000000000000000        0xc /Users/thomas/pebble-dev/PebbleSDK-2.8-beta4/Pebble/lib/libpebble.a(tmpdonUfipebble.o)
 .text.scroll_layer_get_content_size
                0x0000000000000000        0xc /Users/thomas/pebble-dev/PebbleSDK-2.8-beta4/Pebble/lib/libpebble.a(tmpdonUfipebble.o)
 .text.scroll_layer_get_layer
                0x0000000000000000        0xc /Users/thomas/pebble-dev/PebbleSDK-2.8-beta4/Pebble/lib/libpebble.a(tmpdonUfipebble.o)
 .text.scroll_layer_get_shadow_hidden
                0x0000000000000000        0xc /Users/thomas/pebble-dev/PebbleSDK-2.8-beta4/Pebble/lib/libpebble.a(tmpdonUfipebble.o)
 .text.scroll_layer_scroll_down_click_handler
                0x0000000000000000        0xc /Users/thomas/pebble-dev/PebbleSDK-2.8-beta4/Pebble/lib/libpebble.a(tmpdonUfipebble.o)
 .text.scroll_layer_scroll_up_click_handler
                0x0000000000000000        0xc /Users/thomas/pebble-dev/PebbleSDK-2.8-beta4/Pebble/lib/libpebble.a(tmpdonUfipebble.o)
 .text.scroll_layer_set_callbacks
                0x0000000000000000        0xc /Users/thomas/pebble-dev/PebbleSDK-2.8-beta4/Pebble/lib/libpebble.a(tmpdonUfipebble.o)
 .text.scroll_layer_set_click_config_onto_window
                0x0000000000000000        0xc /Users/thomas/pebble-dev/PebbleSDK-2.8-beta4/Pebble/lib/libpebble.a(tmpdonUfipebble.o)
 .text.scroll_layer_set_content_offset
                0x0000000000000000        0xc /Users/thomas/pebble-dev/PebbleSDK-2.8-beta4/Pebble/lib/libpebble.a(tmpdonUfipebble.o)
 .text.scroll_layer_set_content_size
                0x0000000000000000        0xc /Users/thomas/pebble-dev/PebbleSDK-2.8-beta4/Pebble/lib/libpebble.a(tmpdonUfipebble.o)
 .text.scroll_layer_set_context
                0x0000000000000000        0xc /Users/thomas/pebble-dev/PebbleSDK-2.8-beta4/Pebble/lib/libpebble.a(tmpdonUfipebble.o)
 .text.scroll_layer_set_frame
                0x0000000000000000        0xc /Users/thomas/pebble-dev/PebbleSDK-2.8-beta4/Pebble/lib/libpebble.a(tmpdonUfipebble.o)
 .text.scroll_layer_set_shadow_hidden
                0x0000000000000000        0xc /Users/thomas/pebble-dev/PebbleSDK-2.8-beta4/Pebble/lib/libpebble.a(tmpdonUfipebble.o)
 .text.simple_menu_layer_create
                0x0000000000000000        0xc /Users/thomas/pebble-dev/PebbleSDK-2.8-beta4/Pebble/lib/libpebble.a(tmpdonUfipebble.o)
 .text.simple_menu_layer_destroy
                0x0000000000000000        0xc /Users/thomas/pebble-dev/PebbleSDK-2.8-beta4/Pebble/lib/libpebble.a(tmpdonUfipebble.o)
 .text.simple_menu_layer_get_layer
                0x0000000000000000        0xc /Users/thomas/pebble-dev/PebbleSDK-2.8-beta4/Pebble/lib/libpebble.a(tmpdonUfipebble.o)
 .text.simple_menu_layer_get_selected_index
                0x0000000000000000        0xc /Users/thomas/pebble-dev/PebbleSDK-2.8-beta4/Pebble/lib/libpebble.a(tmpdonUfipebble.o)
 .text.simple_menu_layer_set_selected_index
                0x0000000000000000        0xc /Users/thomas/pebble-dev/PebbleSDK-2.8-beta4/Pebble/lib/libpebble.a(tmpdonUfipebble.o)
 .text.sin_lookup
                0x0000000000000000        0xc /Users/thomas/pebble-dev/PebbleSDK-2.8-beta4/Pebble/lib/libpebble.a(tmpdonUfipebble.o)
 .text.snprintf
                0x0000000000000000        0xc /Users/thomas/pebble-dev/PebbleSDK-2.8-beta4/Pebble/lib/libpebble.a(tmpdonUfipebble.o)
 .text.srand    0x0000000000000000        0xc /Users/thomas/pebble-dev/PebbleSDK-2.8-beta4/Pebble/lib/libpebble.a(tmpdonUfipebble.o)
 .text.strcat   0x0000000000000000        0xc /Users/thomas/pebble-dev/PebbleSDK-2.8-beta4/Pebble/lib/libpebble.a(tmpdonUfipebble.o)
 .text.strcmp   0x0000000000000000        0xc /Users/thomas/pebble-dev/PebbleSDK-2.8-beta4/Pebble/lib/libpebble.a(tmpdonUfipebble.o)
 .text.strcpy   0x0000000000000000        0xc /Users/thomas/pebble-dev/PebbleSDK-2.8-beta4/Pebble/lib/libpebble.a(tmpdonUfipebble.o)
 .text.strftime
                0x0000000000000000        0xc /Users/thomas/pebble-dev/PebbleSDK-2.8-beta4/Pebble/lib/libpebble.a(tmpdonUfipebble.o)
 .text.strlen   0x0000000000000000        0xc /Users/thomas/pebble-dev/PebbleSDK-2.8-beta4/Pebble/lib/libpebble.a(tmpdonUfipebble.o)
 .text.strncat  0x0000000000000000        0xc /Users/thomas/pebble-dev/PebbleSDK-2.8-beta4/Pebble/lib/libpebble.a(tmpdonUfipebble.o)
 .text.strncmp  0x0000000000000000        0xc /Users/thomas/pebble-dev/PebbleSDK-2.8-beta4/Pebble/lib/libpebble.a(tmpdonUfipebble.o)
 .text.strncpy  0x0000000000000000        0xc /Users/thomas/pebble-dev/PebbleSDK-2.8-beta4/Pebble/lib/libpebble.a(tmpdonUfipebble.o)
 .text.text_layer_get_content_size
                0x0000000000000000        0xc /Users/thomas/pebble-dev/PebbleSDK-2.8-beta4/Pebble/lib/libpebble.a(tmpdonUfipebble.o)
 .text.text_layer_get_text
                0x0000000000000000        0xc /Users/thomas/pebble-dev/PebbleSDK-2.8-beta4/Pebble/lib/libpebble.a(tmpdonUfipebble.o)
 .text.text_layer_set_overflow_mode
                0x0000000000000000        0xc /Users/thomas/pebble-dev/PebbleSDK-2.8-beta4/Pebble/lib/libpebble.a(tmpdonUfipebble.o)
 .text.text_layer_set_size
                0x0000000000000000        0xc /Users/thomas/pebble-dev/PebbleSDK-2.8-beta4/Pebble/lib/libpebble.a(tmpdonUfipebble.o)
 .text.tick_timer_service_subscribe
                0x0000000000000000        0xc /Users/thomas/pebble-dev/PebbleSDK-2.8-beta4/Pebble/lib/libpebble.a(tmpdonUfipebble.o)
 .text.tick_timer_service_unsubscribe
                0x0000000000000000        0xc /Users/thomas/pebble-dev/PebbleSDK-2.8-beta4/Pebble/lib/libpebble.a(tmpdonUfipebble.o)
 .text.time     0x0000000000000000        0xc /Users/thomas/pebble-dev/PebbleSDK-2.8-beta4/Pebble/lib/libpebble.a(tmpdonUfipebble.o)
 .text.time_ms  0x0000000000000000        0xc /Users/thomas/pebble-dev/PebbleSDK-2.8-beta4/Pebble/lib/libpebble.a(tmpdonUfipebble.o)
 .text.vibes_cancel
                0x0000000000000000        0xc /Users/thomas/pebble-dev/PebbleSDK-2.8-beta4/Pebble/lib/libpebble.a(tmpdonUfipebble.o)
 .text.vibes_double_pulse
                0x0000000000000000        0xc /Users/thomas/pebble-dev/PebbleSDK-2.8-beta4/Pebble/lib/libpebble.a(tmpdonUfipebble.o)
 .text.vibes_enqueue_custom_pattern
                0x0000000000000000        0xc /Users/thomas/pebble-dev/PebbleSDK-2.8-beta4/Pebble/lib/libpebble.a(tmpdonUfipebble.o)
 .text.vibes_long_pulse
                0x0000000000000000        0xc /Users/thomas/pebble-dev/PebbleSDK-2.8-beta4/Pebble/lib/libpebble.a(tmpdonUfipebble.o)
 .text.vibes_short_pulse
                0x0000000000000000        0xc /Users/thomas/pebble-dev/PebbleSDK-2.8-beta4/Pebble/lib/libpebble.a(tmpdonUfipebble.o)
 .text.window_get_click_config_provider
                0x0000000000000000        0xc /Users/thomas/pebble-dev/PebbleSDK-2.8-beta4/Pebble/lib/libpebble.a(tmpdonUfipebble.o)
 .text.window_get_fullscreen
                0x0000000000000000        0xc /Users/thomas/pebble-dev/PebbleSDK-2.8-beta4/Pebble/lib/libpebble.a(tmpdonUfipebble.o)
 .text.window_is_loaded
                0x0000000000000000        0xc /Users/thomas/pebble-dev/PebbleSDK-2.8-beta4/Pebble/lib/libpebble.a(tmpdonUfipebble.o)
 .text.window_set_click_config_provider
                0x0000000000000000        0xc /Users/thomas/pebble-dev/PebbleSDK-2.8-beta4/Pebble/lib/libpebble.a(tmpdonUfipebble.o)
 .text.window_set_click_config_provider_with_context
                0x0000000000000000        0xc /Users/thomas/pebble-dev/PebbleSDK-2.8-beta4/Pebble/lib/libpebble.a(tmpdonUfipebble.o)
 .text.window_set_status_bar_icon
                0x0000000000000000        0xc /Users/thomas/pebble-dev/PebbleSDK-2.8-beta4/Pebble/lib/libpebble.a(tmpdonUfipebble.o)
 .text.window_stack_contains_window
                0x0000000000000000        0xc /Users/thomas/pebble-dev/PebbleSDK-2.8-beta4/Pebble/lib/libpebble.a(tmpdonUfipebble.o)
 .text.window_stack_get_top_window
                0x0000000000000000        0xc /Users/thomas/pebble-dev/PebbleSDK-2.8-beta4/Pebble/lib/libpebble.a(tmpdonUfipebble.o)
 .text.window_stack_pop
                0x0000000000000000        0xc /Users/thomas/pebble-dev/PebbleSDK-2.8-beta4/Pebble/lib/libpebble.a(tmpdonUfipebble.o)
 .text.window_stack_pop_all
                0x0000000000000000        0xc /Users/thomas/pebble-dev/PebbleSDK-2.8-beta4/Pebble/lib/libpebble.a(tmpdonUfipebble.o)
 .text.window_stack_remove
                0x0000000000000000        0xc /Users/thomas/pebble-dev/PebbleSDK-2.8-beta4/Pebble/lib/libpebble.a(tmpdonUfipebble.o)
 .text.app_focus_service_subscribe
                0x0000000000000000        0xc /Users/thomas/pebble-dev/PebbleSDK-2.8-beta4/Pebble/lib/libpebble.a(tmpdonUfipebble.o)
 .text.app_focus_service_unsubscribe
                0x0000000000000000        0xc /Users/thomas/pebble-dev/PebbleSDK-2.8-beta4/Pebble/lib/libpebble.a(tmpdonUfipebble.o)
 .text.window_get_user_data
                0x0000000000000000        0xc /Users/thomas/pebble-dev/PebbleSDK-2.8-beta4/Pebble/lib/libpebble.a(tmpdonUfipebble.o)
 .text.window_set_user_data
                0x0000000000000000        0xc /Users/thomas/pebble-dev/PebbleSDK-2.8-beta4/Pebble/lib/libpebble.a(tmpdonUfipebble.o)
 .text.app_message_get_context
                0x0000000000000000        0xc /Users/thomas/pebble-dev/PebbleSDK-2.8-beta4/Pebble/lib/libpebble.a(tmpdonUfipebble.o)
 .text.app_message_inbox_size_maximum
                0x0000000000000000        0xc /Users/thomas/pebble-dev/PebbleSDK-2.8-beta4/Pebble/lib/libpebble.a(tmpdonUfipebble.o)
 .text.app_message_outbox_begin
                0x0000000000000000        0xc /Users/thomas/pebble-dev/PebbleSDK-2.8-beta4/Pebble/lib/libpebble.a(tmpdonUfipebble.o)
 .text.app_message_outbox_send
                0x0000000000000000        0xc /Users/thomas/pebble-dev/PebbleSDK-2.8-beta4/Pebble/lib/libpebble.a(tmpdonUfipebble.o)
 .text.app_message_outbox_size_maximum
                0x0000000000000000        0xc /Users/thomas/pebble-dev/PebbleSDK-2.8-beta4/Pebble/lib/libpebble.a(tmpdonUfipebble.o)
 .text.app_message_register_inbox_dropped
                0x0000000000000000        0xc /Users/thomas/pebble-dev/PebbleSDK-2.8-beta4/Pebble/lib/libpebble.a(tmpdonUfipebble.o)
 .text.app_message_register_inbox_received
                0x0000000000000000        0xc /Users/thomas/pebble-dev/PebbleSDK-2.8-beta4/Pebble/lib/libpebble.a(tmpdonUfipebble.o)
 .text.app_message_register_outbox_failed
                0x0000000000000000        0xc /Users/thomas/pebble-dev/PebbleSDK-2.8-beta4/Pebble/lib/libpebble.a(tmpdonUfipebble.o)
 .text.app_message_register_outbox_sent
                0x0000000000000000        0xc /Users/thomas/pebble-dev/PebbleSDK-2.8-beta4/Pebble/lib/libpebble.a(tmpdonUfipebble.o)
 .text.app_message_set_context
                0x0000000000000000        0xc /Users/thomas/pebble-dev/PebbleSDK-2.8-beta4/Pebble/lib/libpebble.a(tmpdonUfipebble.o)
 .text.window_long_click_subscribe
                0x0000000000000000        0xc /Users/thomas/pebble-dev/PebbleSDK-2.8-beta4/Pebble/lib/libpebble.a(tmpdonUfipebble.o)
 .text.window_multi_click_subscribe
                0x0000000000000000        0xc /Users/thomas/pebble-dev/PebbleSDK-2.8-beta4/Pebble/lib/libpebble.a(tmpdonUfipebble.o)
 .text.window_raw_click_subscribe
                0x0000000000000000        0xc /Users/thomas/pebble-dev/PebbleSDK-2.8-beta4/Pebble/lib/libpebble.a(tmpdonUfipebble.o)
 .text.window_set_click_context
                0x0000000000000000        0xc /Users/thomas/pebble-dev/PebbleSDK-2.8-beta4/Pebble/lib/libpebble.a(tmpdonUfipebble.o)
 .text.window_single_click_subscribe
                0x0000000000000000        0xc /Users/thomas/pebble-dev/PebbleSDK-2.8-beta4/Pebble/lib/libpebble.a(tmpdonUfipebble.o)
 .text.window_single_repeating_click_subscribe
                0x0000000000000000        0xc /Users/thomas/pebble-dev/PebbleSDK-2.8-beta4/Pebble/lib/libpebble.a(tmpdonUfipebble.o)
 .text.graphics_draw_text
                0x0000000000000000        0xc /Users/thomas/pebble-dev/PebbleSDK-2.8-beta4/Pebble/lib/libpebble.a(tmpdonUfipebble.o)
 .text.dict_serialize_tuplets_to_buffer
                0x0000000000000000        0xc /Users/thomas/pebble-dev/PebbleSDK-2.8-beta4/Pebble/lib/libpebble.a(tmpdonUfipebble.o)
 .text.persist_read_data
                0x0000000000000000        0xc /Users/thomas/pebble-dev/PebbleSDK-2.8-beta4/Pebble/lib/libpebble.a(tmpdonUfipebble.o)
 .text.persist_read_string
                0x0000000000000000        0xc /Users/thomas/pebble-dev/PebbleSDK-2.8-beta4/Pebble/lib/libpebble.a(tmpdonUfipebble.o)
 .text.persist_write_data
                0x0000000000000000        0xc /Users/thomas/pebble-dev/PebbleSDK-2.8-beta4/Pebble/lib/libpebble.a(tmpdonUfipebble.o)
 .text.dict_size
                0x0000000000000000        0xc /Users/thomas/pebble-dev/PebbleSDK-2.8-beta4/Pebble/lib/libpebble.a(tmpdonUfipebble.o)
 .text.graphics_text_layout_get_content_size
                0x0000000000000000        0xc /Users/thomas/pebble-dev/PebbleSDK-2.8-beta4/Pebble/lib/libpebble.a(tmpdonUfipebble.o)
 .text.simple_menu_layer_get_menu_layer
                0x0000000000000000        0xc /Users/thomas/pebble-dev/PebbleSDK-2.8-beta4/Pebble/lib/libpebble.a(tmpdonUfipebble.o)
 .text.accel_data_service_subscribe
                0x0000000000000000        0xc /Users/thomas/pebble-dev/PebbleSDK-2.8-beta4/Pebble/lib/libpebble.a(tmpdonUfipebble.o)
 .text.calloc   0x0000000000000000        0xc /Users/thomas/pebble-dev/PebbleSDK-2.8-beta4/Pebble/lib/libpebble.a(tmpdonUfipebble.o)
 .text.bitmap_layer_get_bitmap
                0x0000000000000000        0xc /Users/thomas/pebble-dev/PebbleSDK-2.8-beta4/Pebble/lib/libpebble.a(tmpdonUfipebble.o)
 .text.menu_layer_set_callbacks
                0x0000000000000000        0xc /Users/thomas/pebble-dev/PebbleSDK-2.8-beta4/Pebble/lib/libpebble.a(tmpdonUfipebble.o)
 .text.window_get_click_config_context
                0x0000000000000000        0xc /Users/thomas/pebble-dev/PebbleSDK-2.8-beta4/Pebble/lib/libpebble.a(tmpdonUfipebble.o)
 .text.number_window_get_window
                0x0000000000000000        0xc /Users/thomas/pebble-dev/PebbleSDK-2.8-beta4/Pebble/lib/libpebble.a(tmpdonUfipebble.o)
 .text.realloc  0x0000000000000000        0xc /Users/thomas/pebble-dev/PebbleSDK-2.8-beta4/Pebble/lib/libpebble.a(tmpdonUfipebble.o)
 .text.gbitmap_create_blank
                0x0000000000000000        0xc /Users/thomas/pebble-dev/PebbleSDK-2.8-beta4/Pebble/lib/libpebble.a(tmpdonUfipebble.o)
 .text.click_recognizer_is_repeating
                0x0000000000000000        0xc /Users/thomas/pebble-dev/PebbleSDK-2.8-beta4/Pebble/lib/libpebble.a(tmpdonUfipebble.o)
 .text.accel_raw_data_service_subscribe
                0x0000000000000000        0xc /Users/thomas/pebble-dev/PebbleSDK-2.8-beta4/Pebble/lib/libpebble.a(tmpdonUfipebble.o)
 .text.app_worker_is_running
                0x0000000000000000        0xc /Users/thomas/pebble-dev/PebbleSDK-2.8-beta4/Pebble/lib/libpebble.a(tmpdonUfipebble.o)
 .text.app_worker_kill
                0x0000000000000000        0xc /Users/thomas/pebble-dev/PebbleSDK-2.8-beta4/Pebble/lib/libpebble.a(tmpdonUfipebble.o)
 .text.app_worker_launch
                0x0000000000000000        0xc /Users/thomas/pebble-dev/PebbleSDK-2.8-beta4/Pebble/lib/libpebble.a(tmpdonUfipebble.o)
 .text.app_worker_message_subscribe
                0x0000000000000000        0xc /Users/thomas/pebble-dev/PebbleSDK-2.8-beta4/Pebble/lib/libpebble.a(tmpdonUfipebble.o)
 .text.app_worker_message_unsubscribe
                0x0000000000000000        0xc /Users/thomas/pebble-dev/PebbleSDK-2.8-beta4/Pebble/lib/libpebble.a(tmpdonUfipebble.o)
 .text.app_worker_send_message
                0x0000000000000000        0xc /Users/thomas/pebble-dev/PebbleSDK-2.8-beta4/Pebble/lib/libpebble.a(tmpdonUfipebble.o)
 .text.worker_event_loop
                0x0000000000000000        0xc /Users/thomas/pebble-dev/PebbleSDK-2.8-beta4/Pebble/lib/libpebble.a(tmpdonUfipebble.o)
 .text.worker_launch_app
                0x0000000000000000        0xc /Users/thomas/pebble-dev/PebbleSDK-2.8-beta4/Pebble/lib/libpebble.a(tmpdonUfipebble.o)
 .text.heap_bytes_free
                0x0000000000000000        0xc /Users/thomas/pebble-dev/PebbleSDK-2.8-beta4/Pebble/lib/libpebble.a(tmpdonUfipebble.o)
 .text.heap_bytes_used
                0x0000000000000000        0xc /Users/thomas/pebble-dev/PebbleSDK-2.8-beta4/Pebble/lib/libpebble.a(tmpdonUfipebble.o)
 .text.compass_service_peek
                0x0000000000000000        0xc /Users/thomas/pebble-dev/PebbleSDK-2.8-beta4/Pebble/lib/libpebble.a(tmpdonUfipebble.o)
 .text.compass_service_set_heading_filter
                0x0000000000000000        0xc /Users/thomas/pebble-dev/PebbleSDK-2.8-beta4/Pebble/lib/libpebble.a(tmpdonUfipebble.o)
 .text.compass_service_subscribe
                0x0000000000000000        0xc /Users/thomas/pebble-dev/PebbleSDK-2.8-beta4/Pebble/lib/libpebble.a(tmpdonUfipebble.o)
 .text.compass_service_unsubscribe
                0x0000000000000000        0xc /Users/thomas/pebble-dev/PebbleSDK-2.8-beta4/Pebble/lib/libpebble.a(tmpdonUfipebble.o)
 .text.uuid_equal
                0x0000000000000000        0xc /Users/thomas/pebble-dev/PebbleSDK-2.8-beta4/Pebble/lib/libpebble.a(tmpdonUfipebble.o)
 .text.uuid_to_string
                0x0000000000000000        0xc /Users/thomas/pebble-dev/PebbleSDK-2.8-beta4/Pebble/lib/libpebble.a(tmpdonUfipebble.o)
 .text.gpath_draw_filled
                0x0000000000000000        0xc /Users/thomas/pebble-dev/PebbleSDK-2.8-beta4/Pebble/lib/libpebble.a(tmpdonUfipebble.o)
 .text.animation_set_custom_curve
                0x0000000000000000        0xc /Users/thomas/pebble-dev/PebbleSDK-2.8-beta4/Pebble/lib/libpebble.a(tmpdonUfipebble.o)
 .text.watch_info_get_color
                0x0000000000000000        0xc /Users/thomas/pebble-dev/PebbleSDK-2.8-beta4/Pebble/lib/libpebble.a(tmpdonUfipebble.o)
 .text.watch_info_get_firmware_version
                0x0000000000000000        0xc /Users/thomas/pebble-dev/PebbleSDK-2.8-beta4/Pebble/lib/libpebble.a(tmpdonUfipebble.o)
 .text.watch_info_get_model
                0x0000000000000000        0xc /Users/thomas/pebble-dev/PebbleSDK-2.8-beta4/Pebble/lib/libpebble.a(tmpdonUfipebble.o)
 .text.graphics_capture_frame_buffer
                0x0000000000000000        0xc /Users/thomas/pebble-dev/PebbleSDK-2.8-beta4/Pebble/lib/libpebble.a(tmpdonUfipebble.o)
 .text.graphics_frame_buffer_is_captured
                0x0000000000000000        0xc /Users/thomas/pebble-dev/PebbleSDK-2.8-beta4/Pebble/lib/libpebble.a(tmpdonUfipebble.o)
 .text.graphics_release_frame_buffer
                0x0000000000000000        0xc /Users/thomas/pebble-dev/PebbleSDK-2.8-beta4/Pebble/lib/libpebble.a(tmpdonUfipebble.o)
 .text.clock_to_timestamp
                0x0000000000000000        0xc /Users/thomas/pebble-dev/PebbleSDK-2.8-beta4/Pebble/lib/libpebble.a(tmpdonUfipebble.o)
 .text.launch_reason
                0x0000000000000000        0xc /Users/thomas/pebble-dev/PebbleSDK-2.8-beta4/Pebble/lib/libpebble.a(tmpdonUfipebble.o)
 .text.wakeup_cancel
                0x0000000000000000        0xc /Users/thomas/pebble-dev/PebbleSDK-2.8-beta4/Pebble/lib/libpebble.a(tmpdonUfipebble.o)
 .text.wakeup_cancel_all
                0x0000000000000000        0xc /Users/thomas/pebble-dev/PebbleSDK-2.8-beta4/Pebble/lib/libpebble.a(tmpdonUfipebble.o)
 .text.wakeup_get_launch_event
                0x0000000000000000        0xc /Users/thomas/pebble-dev/PebbleSDK-2.8-beta4/Pebble/lib/libpebble.a(tmpdonUfipebble.o)
 .text.wakeup_query
                0x0000000000000000        0xc /Users/thomas/pebble-dev/PebbleSDK-2.8-beta4/Pebble/lib/libpebble.a(tmpdonUfipebble.o)
 .text.wakeup_schedule
                0x0000000000000000        0xc /Users/thomas/pebble-dev/PebbleSDK-2.8-beta4/Pebble/lib/libpebble.a(tmpdonUfipebble.o)
 .text.wakeup_service_subscribe
                0x0000000000000000        0xc /Users/thomas/pebble-dev/PebbleSDK-2.8-beta4/Pebble/lib/libpebble.a(tmpdonUfipebble.o)
 .text.clock_is_timezone_set
                0x0000000000000000        0xc /Users/thomas/pebble-dev/PebbleSDK-2.8-beta4/Pebble/lib/libpebble.a(tmpdonUfipebble.o)
 .text.i18n_get_locale
                0x0000000000000000        0xc /Users/thomas/pebble-dev/PebbleSDK-2.8-beta4/Pebble/lib/libpebble.a(tmpdonUfipebble.o)
 .text          0x0000000000000000        0x0 /Users/thomas/gcc-arm-none-eabi-4_8-2014q2/bin/../lib/gcc/arm-none-eabi/4.8.4/../../../../arm-none-eabi/lib/armv7-m/libc.a(lib_a-exit.o)
 .bss           0x0000000000000000        0x0 /Users/thomas/gcc-arm-none-eabi-4_8-2014q2/bin/../lib/gcc/arm-none-eabi/4.8.4/../../../../arm-none-eabi/lib/armv7-m/libc.a(lib_a-exit.o)
 .text.exit     0x0000000000000000       0x20 /Users/thomas/gcc-arm-none-eabi-4_8-2014q2/bin/../lib/gcc/arm-none-eabi/4.8.4/../../../../arm-none-eabi/lib/armv7-m/libc.a(lib_a-exit.o)
 .text          0x0000000000000000        0x0 /Users/thomas/gcc-arm-none-eabi-4_8-2014q2/bin/../lib/gcc/arm-none-eabi/4.8.4/../../../../arm-none-eabi/lib/armv7-m/libc.a(lib_a-impure.o)
 .bss           0x0000000000000000        0x0 /Users/thomas/gcc-arm-none-eabi-4_8-2014q2/bin/../lib/gcc/arm-none-eabi/4.8.4/../../../../arm-none-eabi/lib/armv7-m/libc.a(lib_a-impure.o)
 .data.impure_data
                0x0000000000000000      0x428 /Users/thomas/gcc-arm-none-eabi-4_8-2014q2/bin/../lib/gcc/arm-none-eabi/4.8.4/../../../../arm-none-eabi/lib/armv7-m/libc.a(lib_a-impure.o)
 .data._impure_ptr
                0x0000000000000000        0x4 /Users/thomas/gcc-arm-none-eabi-4_8-2014q2/bin/../lib/gcc/arm-none-eabi/4.8.4/../../../../arm-none-eabi/lib/armv7-m/libc.a(lib_a-impure.o)
 .rodata.str1.4
                0x0000000000000000        0x4 /Users/thomas/gcc-arm-none-eabi-4_8-2014q2/bin/../lib/gcc/arm-none-eabi/4.8.4/../../../../arm-none-eabi/lib/armv7-m/libc.a(lib_a-impure.o)
 .rodata._global_impure_ptr
                0x0000000000000000        0x4 /Users/thomas/gcc-arm-none-eabi-4_8-2014q2/bin/../lib/gcc/arm-none-eabi/4.8.4/../../../../arm-none-eabi/lib/armv7-m/libc.a(lib_a-impure.o)
 .text          0x0000000000000000        0x0 /Users/thomas/gcc-arm-none-eabi-4_8-2014q2/bin/../lib/gcc/arm-none-eabi/4.8.4/../../../../arm-none-eabi/lib/armv7-m/libc.a(lib_a-init.o)
 .bss           0x0000000000000000        0x0 /Users/thomas/gcc-arm-none-eabi-4_8-2014q2/bin/../lib/gcc/arm-none-eabi/4.8.4/../../../../arm-none-eabi/lib/armv7-m/libc.a(lib_a-init.o)
 .text.__libc_init_array
                0x0000000000000000       0x50 /Users/thomas/gcc-arm-none-eabi-4_8-2014q2/bin/../lib/gcc/arm-none-eabi/4.8.4/../../../../arm-none-eabi/lib/armv7-m/libc.a(lib_a-init.o)
 .text          0x0000000000000000        0x0 /Users/thomas/gcc-arm-none-eabi-4_8-2014q2/bin/../lib/gcc/arm-none-eabi/4.8.4/../../../../arm-none-eabi/lib/armv7-m/libc.a(lib_a-__call_atexit.o)
 .bss           0x0000000000000000        0x0 /Users/thomas/gcc-arm-none-eabi-4_8-2014q2/bin/../lib/gcc/arm-none-eabi/4.8.4/../../../../arm-none-eabi/lib/armv7-m/libc.a(lib_a-__call_atexit.o)
 .text.startup.register_fini
                0x0000000000000000       0x14 /Users/thomas/gcc-arm-none-eabi-4_8-2014q2/bin/../lib/gcc/arm-none-eabi/4.8.4/../../../../arm-none-eabi/lib/armv7-m/libc.a(lib_a-__call_atexit.o)
 .init_array.00000
                0x0000000000000000        0x4 /Users/thomas/gcc-arm-none-eabi-4_8-2014q2/bin/../lib/gcc/arm-none-eabi/4.8.4/../../../../arm-none-eabi/lib/armv7-m/libc.a(lib_a-__call_atexit.o)
 .text.__call_exitprocs
                0x0000000000000000       0xf0 /Users/thomas/gcc-arm-none-eabi-4_8-2014q2/bin/../lib/gcc/arm-none-eabi/4.8.4/../../../../arm-none-eabi/lib/armv7-m/libc.a(lib_a-__call_atexit.o)
 .text          0x0000000000000000        0x0 /Users/thomas/gcc-arm-none-eabi-4_8-2014q2/bin/../lib/gcc/arm-none-eabi/4.8.4/../../../../arm-none-eabi/lib/armv7-m/libc.a(lib_a-atexit.o)
 .bss           0x0000000000000000        0x0 /Users/thomas/gcc-arm-none-eabi-4_8-2014q2/bin/../lib/gcc/arm-none-eabi/4.8.4/../../../../arm-none-eabi/lib/armv7-m/libc.a(lib_a-atexit.o)
 .text.atexit   0x0000000000000000        0xc /Users/thomas/gcc-arm-none-eabi-4_8-2014q2/bin/../lib/gcc/arm-none-eabi/4.8.4/../../../../arm-none-eabi/lib/armv7-m/libc.a(lib_a-atexit.o)
 .text          0x0000000000000000        0x0 /Users/thomas/gcc-arm-none-eabi-4_8-2014q2/bin/../lib/gcc/arm-none-eabi/4.8.4/../../../../arm-none-eabi/lib/armv7-m/libc.a(lib_a-fini.o)
 .bss           0x0000000000000000        0x0 /Users/thomas/gcc-arm-none-eabi-4_8-2014q2/bin/../lib/gcc/arm-none-eabi/4.8.4/../../../../arm-none-eabi/lib/armv7-m/libc.a(lib_a-fini.o)
 .text.__libc_fini_array
                0x0000000000000000       0x30 /Users/thomas/gcc-arm-none-eabi-4_8-2014q2/bin/../lib/gcc/arm-none-eabi/4.8.4/../../../../arm-none-eabi/lib/armv7-m/libc.a(lib_a-fini.o)
 .text          0x0000000000000000        0x0 /Users/thomas/gcc-arm-none-eabi-4_8-2014q2/bin/../lib/gcc/arm-none-eabi/4.8.4/../../../../arm-none-eabi/lib/armv7-m/libc.a(lib_a-__atexit.o)
 .bss           0x0000000000000000        0x0 /Users/thomas/gcc-arm-none-eabi-4_8-2014q2/bin/../lib/gcc/arm-none-eabi/4.8.4/../../../../arm-none-eabi/lib/armv7-m/libc.a(lib_a-__atexit.o)
 .text.__register_exitproc
                0x0000000000000000       0xa8 /Users/thomas/gcc-arm-none-eabi-4_8-2014q2/bin/../lib/gcc/arm-none-eabi/4.8.4/../../../../arm-none-eabi/lib/armv7-m/libc.a(lib_a-__atexit.o)
 .text          0x0000000000000000        0x0 /Users/thomas/gcc-arm-none-eabi-4_8-2014q2/bin/../lib/gcc/arm-none-eabi/4.8.4/armv7-m/crtend.o
 .bss           0x0000000000000000        0x0 /Users/thomas/gcc-arm-none-eabi-4_8-2014q2/bin/../lib/gcc/arm-none-eabi/4.8.4/armv7-m/crtend.o
 .eh_frame      0x0000000000000000        0x4 /Users/thomas/gcc-arm-none-eabi-4_8-2014q2/bin/../lib/gcc/arm-none-eabi/4.8.4/armv7-m/crtend.o
 .jcr           0x0000000000000000        0x4 /Users/thomas/gcc-arm-none-eabi-4_8-2014q2/bin/../lib/gcc/arm-none-eabi/4.8.4/armv7-m/crtend.o
 .text          0x0000000000000000        0x0 /Users/thomas/gcc-arm-none-eabi-4_8-2014q2/bin/../lib/gcc/arm-none-eabi/4.8.4/armv7-m/crtn.o
 .bss           0x0000000000000000        0x0 /Users/thomas/gcc-arm-none-eabi-4_8-2014q2/bin/../lib/gcc/arm-none-eabi/4.8.4/armv7-m/crtn.o
 .init          0x0000000000000000        0x8 /Users/thomas/gcc-arm-none-eabi-4_8-2014q2/bin/../lib/gcc/arm-none-eabi/4.8.4/armv7-m/crtn.o
 .fini          0x0000000000000000        0x8 /Users/thomas/gcc-arm-none-eabi-4_8-2014q2/bin/../lib/gcc/arm-none-eabi/4.8.4/armv7-m/crtn.o

Memory Configuration

Name             Origin             Length             Attributes
APP              0x0000000000000000 0x0000000000006000 xrw
*default*        0x0000000000000000 0xffffffffffffffff

Linker script and memory map

LOAD /Users/thomas/gcc-arm-none-eabi-4_8-2014q2/bin/../lib/gcc/arm-none-eabi/4.8.4/armv7-m/crti.o
LOAD /Users/thomas/gcc-arm-none-eabi-4_8-2014q2/bin/../lib/gcc/arm-none-eabi/4.8.4/armv7-m/crtbegin.o
LOAD /Users/thomas/gcc-arm-none-eabi-4_8-2014q2/bin/../lib/gcc/arm-none-eabi/4.8.4/../../../../arm-none-eabi/lib/armv7-m/crt0.o
LOAD src/weather.c.11.o
LOAD appinfo.auto.c.11.o
LOAD /Users/thomas/pebble-dev/PebbleSDK-2.8-beta4/Pebble/lib/libpebble.a
START GROUP
LOAD /Users/thomas/gcc-arm-none-eabi-4_8-2014q2/bin/../lib/gcc/arm-none-eabi/4.8.4/armv7-m/libgcc.a
LOAD /Users/thomas/gcc-arm-none-eabi-4_8-2014q2/bin/../lib/gcc/arm-none-eabi/4.8.4/../../../../arm-none-eabi/lib/armv7-m/libc.a
END GROUP
LOAD /Users/thomas/gcc-arm-none-eabi-4_8-2014q2/bin/../lib/gcc/arm-none-eabi/4.8.4/armv7-m/crtend.o
LOAD /Users/thomas/gcc-arm-none-eabi-4_8-2014q2/bin/../lib/gcc/arm-none-eabi/4.8.4/armv7-m/crtn.o

.header         0x0000000000000000       0x82
 *(.pbl_header)
 .pbl_header    0x0000000000000000       0x82 appinfo.auto.c.11.o
                0x0000000000000000                __pbl_app_info

.text           0x0000000000000084      0x400
 *(.text)
 .text          0x0000000000000084       0x14 /Users/thomas/pebble-dev/PebbleSDK-2.8-beta4/Pebble/lib/libpebble.a(tmpdonUfipebble.o)
 *(.text.*)
 .text.window_unload
                0x0000000000000098       0x40 src/weather.c.11.o
 .text.window_load
                0x00000000000000d8       0xf4 src/weather.c.11.o
 .text.sync_error_callback
                0x00000000000001cc       0x24 src/weather.c.11.o
 .text.sync_tuple_changed_callback
                0x00000000000001f0       0x60 src/weather.c.11.o
 .text.startup.main
                0x0000000000000250       0x70 src/weather.c.11.o
                0x0000000000000250                main
 .text.app_event_loop
                0x00000000000002c0        0xc /Users/thomas/pebble-dev/PebbleSDK-2.8-beta4/Pebble/lib/libpebble.a(tmpdonUfipebble.o)
                0x00000000000002c0                app_event_loop
 .text.app_log  0x00000000000002cc        0xc /Users/thomas/pebble-dev/PebbleSDK-2.8-beta4/Pebble/lib/libpebble.a(tmpdonUfipebble.o)
                0x00000000000002cc                app_log
 .text.app_message_open
                0x00000000000002d8        0xc /Users/thomas/pebble-dev/PebbleSDK-2.8-beta4/Pebble/lib/libpebble.a(tmpdonUfipebble.o)
                0x00000000000002d8                app_message_open
 .text.app_sync_deinit
                0x00000000000002e4        0xc /Users/thomas/pebble-dev/PebbleSDK-2.8-beta4/Pebble/lib/libpebble.a(tmpdonUfipebble.o)
                0x00000000000002e4                app_sync_deinit
 .text.app_sync_init
                0x00000000000002f0        0xc /Users/thomas/pebble-dev/PebbleSDK-2.8-beta4/Pebble/lib/libpebble.a(tmpdonUfipebble.o)
                0x00000000000002f0                app_sync_init
 .text.bitmap_layer_create
                0x00000000000002fc        0xc /Users/thomas/pebble-dev/PebbleSDK-2.8-beta4/Pebble/lib/libpebble.a(tmpdonUfipebble.o)
                0x00000000000002fc                bitmap_layer_create
 .text.bitmap_layer_destroy
                0x0000000000000308        0xc /Users/thomas/pebble-dev/PebbleSDK-2.8-beta4/Pebble/lib/libpebble.a(tmpdonUfipebble.o)
                0x0000000000000308                bitmap_layer_destroy
 .text.bitmap_layer_get_layer
                0x0000000000000314        0xc /Users/thomas/pebble-dev/PebbleSDK-2.8-beta4/Pebble/lib/libpebble.a(tmpdonUfipebble.o)
                0x0000000000000314                bitmap_layer_get_layer
 .text.bitmap_layer_set_bitmap
                0x0000000000000320        0xc /Users/thomas/pebble-dev/PebbleSDK-2.8-beta4/Pebble/lib/libpebble.a(tmpdonUfipebble.o)
                0x0000000000000320                bitmap_layer_set_bitmap
 .text.fonts_get_system_font
                0x000000000000032c        0xc /Users/thomas/pebble-dev/PebbleSDK-2.8-beta4/Pebble/lib/libpebble.a(tmpdonUfipebble.o)
                0x000000000000032c                fonts_get_system_font
 .text.gbitmap_create_with_resource
                0x0000000000000338        0xc /Users/thomas/pebble-dev/PebbleSDK-2.8-beta4/Pebble/lib/libpebble.a(tmpdonUfipebble.o)
                0x0000000000000338                gbitmap_create_with_resource
 .text.gbitmap_destroy
                0x0000000000000344        0xc /Users/thomas/pebble-dev/PebbleSDK-2.8-beta4/Pebble/lib/libpebble.a(tmpdonUfipebble.o)
                0x0000000000000344                gbitmap_destroy
 .text.layer_add_child
                0x0000000000000350        0xc /Users/thomas/pebble-dev/PebbleSDK-2.8-beta4/Pebble/lib/libpebble.a(tmpdonUfipebble.o)
                0x0000000000000350                layer_add_child
 .text.memset   0x000000000000035c        0xc /Users/thomas/pebble-dev/PebbleSDK-2.8-beta4/Pebble/lib/libpebble.a(tmpdonUfipebble.o)
                0x000000000000035c                memset
 .text.text_layer_create
                0x0000000000000368        0xc /Users/thomas/pebble-dev/PebbleSDK-2.8-beta4/Pebble/lib/libpebble.a(tmpdonUfipebble.o)
                0x0000000000000368                text_layer_create
 .text.text_layer_destroy
                0x0000000000000374        0xc /Users/thomas/pebble-dev/PebbleSDK-2.8-beta4/Pebble/lib/libpebble.a(tmpdonUfipebble.o)
                0x0000000000000374                text_layer_destroy
 .text.text_layer_get_layer
                0x0000000000000380        0xc /Users/thomas/pebble-dev/PebbleSDK-2.8-beta4/Pebble/lib/libpebble.a(tmpdonUfipebble.o)
                0x0000000000000380                text_layer_get_layer
 .text.text_layer_set_background_color
                0x000000000000038c        0xc /Users/thomas/pebble-dev/PebbleSDK-2.8-beta4/Pebble/lib/libpebble.a(tmpdonUfipebble.o)
                0x000000000000038c                text_layer_set_background_color
 .text.text_layer_set_font
                0x0000000000000398        0xc /Users/thomas/pebble-dev/PebbleSDK-2.8-beta4/Pebble/lib/libpebble.a(tmpdonUfipebble.o)
                0x0000000000000398                text_layer_set_font
 .text.text_layer_set_text
                0x00000000000003a4        0xc /Users/thomas/pebble-dev/PebbleSDK-2.8-beta4/Pebble/lib/libpebble.a(tmpdonUfipebble.o)
                0x00000000000003a4                text_layer_set_text
 .text.text_layer_set_text_alignment
                0x00000000000003b0        0xc /Users/thomas/pebble-dev/PebbleSDK-2.8-beta4/Pebble/lib/libpebble.a(tmpdonUfipebble.o)
                0x00000000000003b0                text_layer_set_text_alignment
 .text.text_layer_set_text_color
                0x00000000000003bc        0xc /Users/thomas/pebble-dev/PebbleSDK-2.8-beta4/Pebble/lib/libpebble.a(tmpdonUfipebble.o)
                0x00000000000003bc                text_layer_set_text_color
 .text.window_create
                0x00000000000003c8        0xc /Users/thomas/pebble-dev/PebbleSDK-2.8-beta4/Pebble/lib/libpebble.a(tmpdonUfipebble.o)
                0x00000000000003c8                window_create
 .text.window_destroy
                0x00000000000003d4        0xc /Users/thomas/pebble-dev/PebbleSDK-2.8-beta4/Pebble/lib/libpebble.a(tmpdonUfipebble.o)
                0x00000000000003d4                window_destroy
 .text.window_get_root_layer
                0x00000000000003e0        0xc /Users/thomas/pebble-dev/PebbleSDK-2.8-beta4/Pebble/lib/libpebble.a(tmpdonUfipebble.o)
                0x00000000000003e0                window_get_root_layer
 .text.window_set_background_color
                0x00000000000003ec        0xc /Users/thomas/pebble-dev/PebbleSDK-2.8-beta4/Pebble/lib/libpebble.a(tmpdonUfipebble.o)
                0x00000000000003ec                window_set_background_color
 .text.window_set_fullscreen
                0x00000000000003f8        0xc /Users/thomas/pebble-dev/PebbleSDK-2.8-beta4/Pebble/lib/libpebble.a(tmpdonUfipebble.o)
                0x00000000000003f8                window_set_fullscreen
 .text.window_set_window_handlers
                0x0000000000000404        0xc /Users/thomas/pebble-dev/PebbleSDK-2.8-beta4/Pebble/lib/libpebble.a(tmpdonUfipebble.o)
                0x0000000000000404                window_set_window_handlers
 .text.window_stack_push
                0x0000000000000410        0xc /Users/thomas/pebble-dev/PebbleSDK-2.8-beta4/Pebble/lib/libpebble.a(tmpdonUfipebble.o)
                0x0000000000000410                window_stack_push
 *(.rodata)
 .rodata        0x000000000000041c       0x10 src/weather.c.11.o
 *(.rodata*)
 .rodata.str1.1
                0x000000000000042c       0x48 src/weather.c.11.o
 .rodata.WEATHER_ICONS
                0x0000000000000474       0x10 src/weather.c.11.o

.glue_7         0x0000000000000484        0x0
 .glue_7        0x0000000000000000        0x0 linker stubs

.glue_7t        0x0000000000000484        0x0
 .glue_7t       0x0000000000000000        0x0 linker stubs

.vfp11_veneer   0x0000000000000484        0x0
 .vfp11_veneer  0x0000000000000000        0x0 linker stubs

.v4_bx          0x0000000000000484        0x0
 .v4_bx         0x0000000000000000        0x0 linker stubs

.iplt           0x0000000000000484        0x0
 .iplt          0x0000000000000000        0x0 /Users/thomas/gcc-arm-none-eabi-4_8-2014q2/bin/../lib/gcc/arm-none-eabi/4.8.4/armv7-m/crtbegin.o

.rel.dyn        0x0000000000000484        0x0
 .rel.iplt      0x0000000000000000        0x0 /Users/thomas/gcc-arm-none-eabi-4_8-2014q2/bin/../lib/gcc/arm-none-eabi/4.8.4/armv7-m/crtbegin.o

.data           0x0000000000000484        0x4
 *(.data)
 .data          0x0000000000000484        0x0 /Users/thomas/gcc-arm-none-eabi-4_8-2014q2/bin/../lib/gcc/arm-none-eabi/4.8.4/armv7-m/crti.o
 .data          0x0000000000000484        0x4 /Users/thomas/gcc-arm-none-eabi-4_8-2014q2/bin/../lib/gcc/arm-none-eabi/4.8.4/armv7-m/crtbegin.o
                0x0000000000000484                __dso_handle
 .data          0x0000000000000488        0x0 /Users/thomas/gcc-arm-none-eabi-4_8-2014q2/bin/../lib/gcc/arm-none-eabi/4.8.4/../../../../arm-none-eabi/lib/armv7-m/crt0.o
 .data          0x0000000000000488        0x0 src/weather.c.11.o
 .data          0x0000000000000488        0x0 appinfo.auto.c.11.o
 .data          0x0000000000000488        0x0 /Users/thomas/pebble-dev/PebbleSDK-2.8-beta4/Pebble/lib/libpebble.a(tmpdonUfipebble.o)
 .data          0x0000000000000488        0x0 /Users/thomas/gcc-arm-none-eabi-4_8-2014q2/bin/../lib/gcc/arm-none-eabi/4.8.4/../../../../arm-none-eabi/lib/armv7-m/libc.a(lib_a-exit.o)
 .data          0x0000000000000488        0x0 /Users/thomas/gcc-arm-none-eabi-4_8-2014q2/bin/../lib/gcc/arm-none-eabi/4.8.4/../../../../arm-none-eabi/lib/armv7-m/libc.a(lib_a-impure.o)
 .data          0x0000000000000488        0x0 /Users/thomas/gcc-arm-none-eabi-4_8-2014q2/bin/../lib/gcc/arm-none-eabi/4.8.4/../../../../arm-none-eabi/lib/armv7-m/libc.a(lib_a-init.o)
 .data          0x0000000000000488        0x0 /Users/thomas/gcc-arm-none-eabi-4_8-2014q2/bin/../lib/gcc/arm-none-eabi/4.8.4/../../../../arm-none-eabi/lib/armv7-m/libc.a(lib_a-__call_atexit.o)
 .data          0x0000000000000488        0x0 /Users/thomas/gcc-arm-none-eabi-4_8-2014q2/bin/../lib/gcc/arm-none-eabi/4.8.4/../../../../arm-none-eabi/lib/armv7-m/libc.a(lib_a-atexit.o)
 .data          0x0000000000000488        0x0 /Users/thomas/gcc-arm-none-eabi-4_8-2014q2/bin/../lib/gcc/arm-none-eabi/4.8.4/../../../../arm-none-eabi/lib/armv7-m/libc.a(lib_a-fini.o)
 .data          0x0000000000000488        0x0 /Users/thomas/gcc-arm-none-eabi-4_8-2014q2/bin/../lib/gcc/arm-none-eabi/4.8.4/../../../../arm-none-eabi/lib/armv7-m/libc.a(lib_a-__atexit.o)
 .data          0x0000000000000488        0x0 /Users/thomas/gcc-arm-none-eabi-4_8-2014q2/bin/../lib/gcc/arm-none-eabi/4.8.4/armv7-m/crtend.o
 .data          0x0000000000000488        0x0 /Users/thomas/gcc-arm-none-eabi-4_8-2014q2/bin/../lib/gcc/arm-none-eabi/4.8.4/armv7-m/crtn.o
 *(.data.*)

.igot.plt       0x0000000000000488        0x0
 .igot.plt      0x0000000000000000        0x0 /Users/thomas/gcc-arm-none-eabi-4_8-2014q2/bin/../lib/gcc/arm-none-eabi/4.8.4/armv7-m/crtbegin.o

.bss            0x0000000000000488       0x60
 *(.bss)
 *(.bss.*)
 .bss.icon_layer
                0x0000000000000488        0x4 src/weather.c.11.o
 .bss.temperature
                0x000000000000048c       0x10 src/weather.c.11.o
 .bss.temperature_layer
                0x000000000000049c        0x4 src/weather.c.11.o
 .bss.icon_bitmap
                0x00000000000004a0        0x4 src/weather.c.11.o
 .bss.sync      0x00000000000004a4       0x20 src/weather.c.11.o
 .bss.sync_buffer
                0x00000000000004c4       0x20 src/weather.c.11.o
 .bss.window    0x00000000000004e4        0x4 src/weather.c.11.o

DISCARD
 libc.a(*)
 libm.a(*)
 libgcc.a(*)
 *(.eh_frame)
OUTPUT(/Users/thomas/work/pebble-sdk-examples-dev/weather-demo/weather/build/pebble-app.elf elf32-littlearm)

.ARM.attributes
                0x0000000000000000       0x29
 .ARM.attributes
                0x0000000000000000       0x1d /Users/thomas/gcc-arm-none-eabi-4_8-2014q2/bin/../lib/gcc/arm-none-eabi/4.8.4/armv7-m/crti.o
 .ARM.attributes
                0x000000000000001d       0x2d /Users/thomas/gcc-arm-none-eabi-4_8-2014q2/bin/../lib/gcc/arm-none-eabi/4.8.4/armv7-m/crtbegin.o
 .ARM.attributes
                0x000000000000004a       0x1b /Users/thomas/gcc-arm-none-eabi-4_8-2014q2/bin/../lib/gcc/arm-none-eabi/4.8.4/../../../../arm-none-eabi/lib/armv7-m/crt0.o
 .ARM.attributes
                0x0000000000000065       0x33 src/weather.c.11.o
 .ARM.attributes
                0x0000000000000098       0x33 appinfo.auto.c.11.o
 .ARM.attributes
                0x00000000000000cb       0x21 /Users/thomas/pebble-dev/PebbleSDK-2.8-beta4/Pebble/lib/libpebble.a(tmpdonUfipebble.o)
 .ARM.attributes
                0x00000000000000ec       0x2d /Users/thomas/gcc-arm-none-eabi-4_8-2014q2/bin/../lib/gcc/arm-none-eabi/4.8.4/../../../../arm-none-eabi/lib/armv7-m/libc.a(lib_a-exit.o)
 .ARM.attributes
                0x0000000000000119       0x2d /Users/thomas/gcc-arm-none-eabi-4_8-2014q2/bin/../lib/gcc/arm-none-eabi/4.8.4/../../../../arm-none-eabi/lib/armv7-m/libc.a(lib_a-impure.o)
 .ARM.attributes
                0x0000000000000146       0x2d /Users/thomas/gcc-arm-none-eabi-4_8-2014q2/bin/../lib/gcc/arm-none-eabi/4.8.4/../../../../arm-none-eabi/lib/armv7-m/libc.a(lib_a-init.o)
 .ARM.attributes
                0x0000000000000173       0x2d /Users/thomas/gcc-arm-none-eabi-4_8-2014q2/bin/../lib/gcc/arm-none-eabi/4.8.4/../../../../arm-none-eabi/lib/armv7-m/libc.a(lib_a-__call_atexit.o)
 .ARM.attributes
                0x00000000000001a0       0x2d /Users/thomas/gcc-arm-none-eabi-4_8-2014q2/bin/../lib/gcc/arm-none-eabi/4.8.4/../../../../arm-none-eabi/lib/armv7-m/libc.a(lib_a-atexit.o)
 .ARM.attributes
                0x00000000000001cd       0x2d /Users/thomas/gcc-arm-none-eabi-4_8-2014q2/bin/../lib/gcc/arm-none-eabi/4.8.4/../../../../arm-none-eabi/lib/armv7-m/libc.a(lib_a-fini.o)
 .ARM.attributes
                0x00000000000001fa       0x2d /Users/thomas/gcc-arm-none-eabi-4_8-2014q2/bin/../lib/gcc/arm-none-eabi/4.8.4/../../../../arm-none-eabi/lib/armv7-m/libc.a(lib_a-__atexit.o)
 .ARM.attributes
                0x0000000000000227       0x2d /Users/thomas/gcc-arm-none-eabi-4_8-2014q2/bin/../lib/gcc/arm-none-eabi/4.8.4/armv7-m/crtend.o
 .ARM.attributes
                0x0000000000000254       0x1d /Users/thomas/gcc-arm-none-eabi-4_8-2014q2/bin/../lib/gcc/arm-none-eabi/4.8.4/armv7-m/crtn.o

.comment        0x0000000000000000       0x70
 .comment       0x0000000000000000       0x70 src/weather.c.11.o
                                         0x71 (size before relaxing)
 .comment       0x0000000000000000       0x71 appinfo.auto.c.11.o

.debug_info     0x0000000000000000     0x1247
 .debug_info    0x0000000000000000      0xf54 src/weather.c.11.o
 .debug_info    0x0000000000000f54      0x2f3 appinfo.auto.c.11.o

.debug_abbrev   0x0000000000000000      0x395
 .debug_abbrev  0x0000000000000000      0x2f7 src/weather.c.11.o
 .debug_abbrev  0x00000000000002f7       0x9e appinfo.auto.c.11.o

.debug_loc      0x0000000000000000      0x250
 .debug_loc     0x0000000000000000      0x250 src/weather.c.11.o

.debug_aranges  0x0000000000000000       0x58
 .debug_aranges
                0x0000000000000000       0x40 src/weather.c.11.o
 .debug_aranges
                0x0000000000000040       0x18 appinfo.auto.c.11.o

.debug_ranges   0x0000000000000000       0x48
 .debug_ranges  0x0000000000000000       0x48 src/weather.c.11.o

.debug_line     0x0000000000000000      0x35d
 .debug_line    0x0000000000000000      0x214 src/weather.c.11.o
 .debug_line    0x0000000000000214      0x149 appinfo.auto.c.11.o

.debug_str      0x0000000000000000      0xb72
 .debug_str     0x0000000000000000      0xa14 src/weather.c.11.o
                                        0xae7 (size before relaxing)
 .debug_str     0x0000000000000a14      0x15e appinfo.auto.c.11.o
                                        0x396 (size before relaxing)

.debug_frame    0x0000000000000000      0x1b4
 .debug_frame   0x0000000000000000       0x9c src/weather.c.11.o
 .debug_frame   0x000000000000009c       0x28 /Users/thomas/gcc-arm-none-eabi-4_8-2014q2/bin/../lib/gcc/arm-none-eabi/4.8.4/../../../../arm-none-eabi/lib/armv7-m/libc.a(lib_a-exit.o)
 .debug_frame   0x00000000000000c4       0x2c /Users/thomas/gcc-arm-none-eabi-4_8-2014q2/bin/../lib/gcc/arm-none-eabi/4.8.4/../../../../arm-none-eabi/lib/armv7-m/libc.a(lib_a-init.o)
 .debug_frame   0x00000000000000f0       0x48 /Users/thomas/gcc-arm-none-eabi-4_8-2014q2/bin/../lib/gcc/arm-none-eabi/4.8.4/../../../../arm-none-eabi/lib/armv7-m/libc.a(lib_a-__call_atexit.o)
 .debug_frame   0x0000000000000138       0x20 /Users/thomas/gcc-arm-none-eabi-4_8-2014q2/bin/../lib/gcc/arm-none-eabi/4.8.4/../../../../arm-none-eabi/lib/armv7-m/libc.a(lib_a-atexit.o)
 .debug_frame   0x0000000000000158       0x2c /Users/thomas/gcc-arm-none-eabi-4_8-2014q2/bin/../lib/gcc/arm-none-eabi/4.8.4/../../../../arm-none-eabi/lib/armv7-m/libc.a(lib_a-fini.o)
 .debug_frame   0x0000000000000184       0x30 /Users/thomas/gcc-arm-none-eabi-4_8-2014q2/bin/../lib/gcc/arm-none-eabi/4.8.4/../../../../arm-none-eabi/lib/armv7-m/libc.a(lib_a-__atexit.o)
